<html>
<body>
<pre>
<h1>µVision Build Log</h1>
<h2>Project:</h2>
F:\œ¬‘ÿ\my_design\pbdr_v115_1118_withLib_A1\m4userlib\project\pbdr_STM32F4.uvproj
Project File Date:  11/19/2016

<h2>Output:</h2>
Build target 'STM32F4'
assembling startup_stm32f4xx.s...
compiling system_stm32f4xx.c...
compiling stm32f4xx_it.c...
compiling misc.c...
compiling stm32f4xx_adc.c...
compiling stm32f4xx_can.c...
compiling stm32f4xx_crc.c...
compiling stm32f4xx_cryp.c...
compiling stm32f4xx_cryp_aes.c...
compiling stm32f4xx_cryp_des.c...
compiling stm32f4xx_cryp_tdes.c...
compiling stm32f4xx_dac.c...
compiling stm32f4xx_dbgmcu.c...
compiling stm32f4xx_dcmi.c...
compiling stm32f4xx_dma.c...
compiling stm32f4xx_exti.c...
compiling stm32f4xx_flash.c...
compiling stm32f4xx_fsmc.c...
compiling stm32f4xx_gpio.c...
compiling stm32f4xx_hash.c...
compiling stm32f4xx_i2c.c...
compiling stm32f4xx_iwdg.c...
compiling stm32f4xx_pwr.c...
compiling stm32f4xx_rcc.c...
compiling stm32f4xx_rng.c...
compiling stm32f4xx_rtc.c...
compiling stm32f4xx_sdio.c...
compiling stm32f4xx_spi.c...
compiling stm32f4xx_syscfg.c...
compiling stm32f4xx_tim.c...
compiling stm32f4xx_usart.c...
compiling stm32f4xx_wwdg.c...
compiling print.c...
compiling pb_gluelayer.c...
compiling pb_message.c...
compiling ubx.c...
compiling main.c...
compiling pbdrctrlmgr.c...
compiling bmi160.c...
compiling bmi160_support.c...
compiling SPI.c...
compiling timer.c...
compiling USART2.c...
compiling USART3.c...
linking...
Program Size: Code=155704 RO-data=2040 RW-data=500 ZI-data=24004  
FromELF: creating hex file...
".\output\pbdr.axf" - 0 Errors, 0 Warning(s).
