ARM Linker, 5.03 [Build 76] [MDK-ARM Standard]

==============================================================================

Section Cross References

    startup_stm32f4xx.o(RESET) refers to startup_stm32f4xx.o(STACK) for __initial_sp
    startup_stm32f4xx.o(RESET) refers to startup_stm32f4xx.o(.text) for Reset_Handler
    startup_stm32f4xx.o(RESET) refers to stm32f4xx_it.o(.text) for NMI_Handler
    startup_stm32f4xx.o(RESET) refers to timer.o(.text) for TIM3_IRQHandler
    startup_stm32f4xx.o(RESET) refers to usart2.o(.text) for USART2_IRQHandler
    startup_stm32f4xx.o(RESET) refers to usart3.o(.text) for USART3_IRQHandler
    startup_stm32f4xx.o(.text) refers to system_stm32f4xx.o(.text) for SystemInit
    startup_stm32f4xx.o(.text) refers to entry.o(.ARM.Collect$$$$00000000) for __main
    system_stm32f4xx.o(.text) refers to system_stm32f4xx.o(.data) for SystemCoreClock
    stm32f4xx_it.o(.text) refers to main.o(.text) for TimingDelay_Decrement
    stm32f4xx_adc.o(.text) refers to stm32f4xx_rcc.o(.text) for RCC_APB2PeriphResetCmd
    stm32f4xx_can.o(.text) refers to stm32f4xx_rcc.o(.text) for RCC_APB1PeriphResetCmd
    stm32f4xx_cryp.o(.text) refers to stm32f4xx_rcc.o(.text) for RCC_AHB2PeriphResetCmd
    stm32f4xx_cryp_aes.o(.text) refers to stm32f4xx_cryp.o(.text) for CRYP_KeyStructInit
    stm32f4xx_cryp_des.o(.text) refers to stm32f4xx_cryp.o(.text) for CRYP_KeyStructInit
    stm32f4xx_cryp_tdes.o(.text) refers to stm32f4xx_cryp.o(.text) for CRYP_KeyStructInit
    stm32f4xx_dac.o(.text) refers to stm32f4xx_rcc.o(.text) for RCC_APB1PeriphResetCmd
    stm32f4xx_fsmc.o(.text) refers to stm32f4xx_fsmc.o(.constdata) for FSMC_DefaultTimingStruct
    stm32f4xx_gpio.o(.text) refers to stm32f4xx_rcc.o(.text) for RCC_AHB1PeriphResetCmd
    stm32f4xx_hash.o(.text) refers to stm32f4xx_rcc.o(.text) for RCC_AHB2PeriphResetCmd
    stm32f4xx_i2c.o(.text) refers to stm32f4xx_rcc.o(.text) for RCC_APB1PeriphResetCmd
    stm32f4xx_pwr.o(.text) refers to stm32f4xx_rcc.o(.text) for RCC_APB1PeriphResetCmd
    stm32f4xx_rcc.o(.text) refers to stm32f4xx_rcc.o(.data) for APBAHBPrescTable
    stm32f4xx_rng.o(.text) refers to stm32f4xx_rcc.o(.text) for RCC_AHB2PeriphResetCmd
    stm32f4xx_sdio.o(.text) refers to stm32f4xx_rcc.o(.text) for RCC_APB2PeriphResetCmd
    stm32f4xx_spi.o(.text) refers to stm32f4xx_rcc.o(.text) for RCC_APB2PeriphResetCmd
    stm32f4xx_syscfg.o(.text) refers to stm32f4xx_rcc.o(.text) for RCC_APB2PeriphResetCmd
    stm32f4xx_tim.o(.text) refers to stm32f4xx_rcc.o(.text) for RCC_APB2PeriphResetCmd
    stm32f4xx_usart.o(.text) refers to stm32f4xx_rcc.o(.text) for RCC_APB2PeriphResetCmd
    stm32f4xx_wwdg.o(.text) refers to stm32f4xx_rcc.o(.text) for RCC_APB1PeriphResetCmd
    print.o(.text) refers to usart2.o(.text) for BSP_Uart2_WrByte
    print.o(.text) refers to dfixi.o(.text) for __aeabi_d2iz
    print.o(.text) refers to dflti.o(.text) for __aeabi_i2d
    print.o(.text) refers to dadd.o(.text) for __aeabi_drsub
    print.o(.text) refers to dmul.o(.text) for __aeabi_dmul
    pb_gluelayer.o(.text) refers to memseta.o(.text) for __aeabi_memclr4
    pb_gluelayer.o(.text) refers to floorf.o(i.__hardfp_floorf) for __hardfp_floorf
    pb_gluelayer.o(.text) refers to f2d.o(.text) for __aeabi_f2d
    pb_gluelayer.o(.text) refers to dflti.o(.text) for __aeabi_i2d
    pb_gluelayer.o(.text) refers to dadd.o(.text) for __aeabi_dadd
    pb_gluelayer.o(.text) refers to dfltui.o(.text) for __aeabi_ui2d
    pb_gluelayer.o(.text) refers to dfixui.o(.text) for __aeabi_d2uiz
    pb_gluelayer.o(.text) refers to pb_gluelayer.o(.bss) for RawExternalGnssFullFix
    pb_gluelayer.o(.text) refers to pb_gluelayer.o(.constdata) for pdaysInMonth_gluelayer
    pb_message.o(.text) refers to memseta.o(.text) for __aeabi_memclr4
    pb_message.o(.text) refers to printfa.o(i.__0snprintf) for __2snprintf
    pb_message.o(.text) refers to print.o(.text) for data_Output
    pb_message.o(.text) refers to printfa.o(i.__0sprintf) for __2sprintf
    pb_message.o(.text) refers to f2d.o(.text) for __aeabi_f2d
    pb_message.o(.text) refers to strncpy.o(.text) for strncpy
    pb_message.o(.text) refers to dfltui.o(.text) for __aeabi_ui2d
    pb_message.o(.text) refers to dmul.o(.text) for __aeabi_dmul
    pb_message.o(.text) refers to ddiv.o(.text) for __aeabi_ddiv
    pb_message.o(.text) refers to dflti.o(.text) for __aeabi_i2d
    pb_message.o(.text) refers to dfixi.o(.text) for __aeabi_d2iz
    pb_message.o(.text) refers to dadd.o(.text) for __aeabi_dsub
    pb_message.o(.text) refers to fabs.o(i.__hardfp_fabs) for __hardfp_fabs
    pb_message.o(.text) refers to cdrcmple.o(.text) for __aeabi_cdrcmple
    pb_message.o(.text) refers to pb_message.o(.constdata) for .constdata
    pb_message.o(.text) refers to pb_if.o(.text) for pb_Query_OutputNavigationState
    pb_message.o(.text) refers to dfixui.o(.text) for __aeabi_d2uiz
    ubx.o(.text) refers to memcpya.o(.text) for __aeabi_memcpy4
[...]
    bmi160_read_mag_xyzr                     0x08006f83   Thumb Code   156  bmi160.o(.text)
    bmi160_read_gyro_x                       0x0800701f   Thumb Code    66  bmi160.o(.text)
    bmi160_read_gyro_y                       0x08007061   Thumb Code    66  bmi160.o(.text)
    bmi160_read_gyro_z                       0x080070a3   Thumb Code    72  bmi160.o(.text)
    bmi160_read_gyro_xyz                     0x080070eb   Thumb Code   100  bmi160.o(.text)
    bmi160_read_accel_x                      0x0800714f   Thumb Code    66  bmi160.o(.text)
    bmi160_read_accel_y                      0x08007191   Thumb Code    66  bmi160.o(.text)
    bmi160_read_accel_z                      0x080071d3   Thumb Code    66  bmi160.o(.text)
    bmi160_read_accel_xyz                    0x08007215   Thumb Code   100  bmi160.o(.text)
    bmi160_get_sensor_time                   0x08007279   Thumb Code    72  bmi160.o(.text)
    bmi160_get_gyro_selftest                 0x080072c1   Thumb Code    60  bmi160.o(.text)
    bmi160_get_mag_manual_operation_stat     0x080072fd   Thumb Code    60  bmi160.o(.text)
    bmi160_get_foc_rdy                       0x08007339   Thumb Code    60  bmi160.o(.text)
    bmi160_get_nvm_rdy                       0x08007375   Thumb Code    60  bmi160.o(.text)
    bmi160_get_data_rdy_mag                  0x080073b1   Thumb Code    60  bmi160.o(.text)
    bmi160_get_gyro_data_rdy                 0x080073ed   Thumb Code    60  bmi160.o(.text)
    bmi160_get_accel_data_rdy                0x08007429   Thumb Code    58  bmi160.o(.text)
    bmi160_get_stat0_step_intr               0x08007463   Thumb Code    66  bmi160.o(.text)
    bmi160_get_stat0_significant_intr        0x080074a5   Thumb Code    60  bmi160.o(.text)
    bmi160_get_stat0_any_motion_intr         0x080074e1   Thumb Code    60  bmi160.o(.text)
    bmi160_get_stat0_pmu_trigger_intr        0x0800751d   Thumb Code    60  bmi160.o(.text)
    bmi160_get_stat0_double_tap_intr         0x08007559   Thumb Code    60  bmi160.o(.text)
    bmi160_get_stat0_single_tap_intr         0x08007595   Thumb Code    60  bmi160.o(.text)
    bmi160_get_stat0_orient_intr             0x080075d1   Thumb Code    60  bmi160.o(.text)
    bmi160_get_stat0_flat_intr               0x0800760d   Thumb Code    58  bmi160.o(.text)
    bmi160_get_stat1_high_g_intr             0x08007647   Thumb Code    60  bmi160.o(.text)
    bmi160_get_stat1_low_g_intr              0x08007683   Thumb Code    60  bmi160.o(.text)
    bmi160_get_stat1_data_rdy_intr           0x080076bf   Thumb Code    60  bmi160.o(.text)
    bmi160_get_stat1_fifo_full_intr          0x080076fb   Thumb Code    60  bmi160.o(.text)
    bmi160_get_stat1_fifo_wm_intr            0x08007737   Thumb Code    60  bmi160.o(.text)
    bmi160_get_stat1_nomotion_intr           0x08007773   Thumb Code    58  bmi160.o(.text)
    bmi160_get_stat2_any_motion_first_x      0x080077ad   Thumb Code    60  bmi160.o(.text)
    bmi160_get_stat2_any_motion_first_y      0x080077e9   Thumb Code    60  bmi160.o(.text)
    bmi160_get_stat2_any_motion_first_z      0x08007825   Thumb Code    60  bmi160.o(.text)
    bmi160_get_stat2_any_motion_sign         0x08007861   Thumb Code    64  bmi160.o(.text)
    bmi160_get_stat2_tap_first_x             0x080078a1   Thumb Code    60  bmi160.o(.text)
    bmi160_get_stat2_tap_first_y             0x080078dd   Thumb Code    60  bmi160.o(.text)
    bmi160_get_stat2_tap_first_z             0x08007919   Thumb Code    60  bmi160.o(.text)
    bmi160_get_stat2_tap_sign                0x08007955   Thumb Code    58  bmi160.o(.text)
    bmi160_get_stat3_high_g_first_x          0x0800798f   Thumb Code    60  bmi160.o(.text)
    bmi160_get_stat3_high_g_first_y          0x080079cb   Thumb Code    60  bmi160.o(.text)
    bmi160_get_stat3_high_g_first_z          0x08007a07   Thumb Code    60  bmi160.o(.text)
    bmi160_get_stat3_high_g_sign             0x08007a43   Thumb Code    60  bmi160.o(.text)
    bmi160_get_stat3_orient_xy               0x08007a7f   Thumb Code    60  bmi160.o(.text)
    bmi160_get_stat3_orient_z                0x08007abb   Thumb Code    60  bmi160.o(.text)
    bmi160_get_stat3_flat                    0x08007af7   Thumb Code    58  bmi160.o(.text)
    bmi160_get_temp                          0x08007b31   Thumb Code    66  bmi160.o(.text)
    bmi160_fifo_length                       0x08007b73   Thumb Code    76  bmi160.o(.text)
    bmi160_fifo_data                         0x08007bbf   Thumb Code    52  bmi160.o(.text)
    bmi160_get_accel_output_data_rate        0x08007bf3   Thumb Code    60  bmi160.o(.text)
    bmi160_set_accel_under_sampling_parameter 0x08007c2f   Thumb Code   122  bmi160.o(.text)
    bmi160_set_accel_output_data_rate        0x08007ca9   Thumb Code   442  bmi160.o(.text)
    bmi160_get_accel_bw                      0x08007e63   Thumb Code    60  bmi160.o(.text)
    bmi160_set_accel_bw                      0x08007e9f   Thumb Code   114  bmi160.o(.text)
    bmi160_get_accel_under_sampling_parameter 0x08007f11   Thumb Code    58  bmi160.o(.text)
    bmi160_get_accel_range                   0x08007f4b   Thumb Code    60  bmi160.o(.text)
    bmi160_set_accel_range                   0x08007f87   Thumb Code   126  bmi160.o(.text)
    bmi160_get_gyro_output_data_rate         0x08008005   Thumb Code    60  bmi160.o(.text)
    bmi160_set_gyro_output_data_rate         0x08008041   Thumb Code   156  bmi160.o(.text)
    bmi160_get_gyro_bw                       0x080080dd   Thumb Code    60  bmi160.o(.text)
    bmi160_set_gyro_bw                       0x08008119   Thumb Code   114  bmi160.o(.text)
    bmi160_get_gyro_range                    0x0800818b   Thumb Code    60  bmi160.o(.text)
    bmi160_set_gyro_range                    0x080081c7   Thumb Code   114  bmi160.o(.text)
    bmi160_get_mag_output_data_rate          0x08008239   Thumb Code    60  bmi160.o(.text)
    bmi160_set_mag_output_data_rate          0x08008275   Thumb Code   124  bmi160.o(.text)
    bmi160_get_fifo_down_gyro                0x080082f1   Thumb Code    60  bmi160.o(.text)
    bmi160_set_fifo_down_gyro                0x0800832d   Thumb Code    86  bmi160.o(.text)
    bmi160_get_gyro_fifo_filter_data         0x08008383   Thumb Code    60  bmi160.o(.text)
    bmi160_set_gyro_fifo_filter_data         0x080083bf   Thumb Code    96  bmi160.o(.text)
    bmi160_get_fifo_down_accel               0x0800841f   Thumb Code    60  bmi160.o(.text)
    bmi160_set_fifo_down_accel               0x0800845b   Thumb Code    94  bmi160.o(.text)
    bmi160_get_accel_fifo_filter_data        0x080084b9   Thumb Code    58  bmi160.o(.text)
    bmi160_set_accel_fifo_filter_data        0x080084f3   Thumb Code    96  bmi160.o(.text)
    bmi160_get_fifo_wm                       0x08008553   Thumb Code    56  bmi160.o(.text)
    bmi160_set_fifo_wm                       0x0800858b   Thumb Code    44  bmi160.o(.text)
    bmi160_get_fifo_time_enable              0x080085b7   Thumb Code    60  bmi160.o(.text)
    bmi160_set_fifo_time_enable              0x080085f3   Thumb Code    96  bmi160.o(.text)
    bmi160_get_fifo_tag_intr2_enable         0x08008653   Thumb Code    60  bmi160.o(.text)
    bmi160_set_input_enable                  0x0800868f   Thumb Code   184  bmi160.o(.text)
    bmi160_set_fifo_tag_intr2_enable         0x08008747   Thumb Code   108  bmi160.o(.text)
    bmi160_get_fifo_tag_intr1_enable         0x080087b3   Thumb Code    60  bmi160.o(.text)
    bmi160_set_fifo_tag_intr1_enable         0x080087ef   Thumb Code   126  bmi160.o(.text)
    bmi160_get_fifo_header_enable            0x0800886d   Thumb Code    68  bmi160.o(.text)
    bmi160_set_fifo_header_enable            0x080088b1   Thumb Code    96  bmi160.o(.text)
    bmi160_get_fifo_mag_enable               0x08008911   Thumb Code    60  bmi160.o(.text)
    bmi160_set_fifo_mag_enable               0x0800894d   Thumb Code    96  bmi160.o(.text)
    bmi160_get_fifo_accel_enable             0x080089ad   Thumb Code    60  bmi160.o(.text)
    bmi160_set_fifo_accel_enable             0x080089e9   Thumb Code    96  bmi160.o(.text)
    bmi160_get_fifo_gyro_enable              0x08008a49   Thumb Code    58  bmi160.o(.text)
    bmi160_set_fifo_gyro_enable              0x08008a83   Thumb Code    96  bmi160.o(.text)
    bmi160_get_i2c_device_addr               0x08008ae3   Thumb Code    58  bmi160.o(.text)
    bmi160_set_i2c_device_addr               0x08008b1d   Thumb Code   104  bmi160.o(.text)
    bmi160_get_mag_burst                     0x08008b85   Thumb Code    60  bmi160.o(.text)
    bmi160_set_mag_burst                     0x08008bc1   Thumb Code   104  bmi160.o(.text)
    bmi160_get_mag_offset                    0x08008c29   Thumb Code    60  bmi160.o(.text)
    bmi160_set_mag_offset                    0x08008c65   Thumb Code   114  bmi160.o(.text)
    bmi160_get_mag_manual_enable             0x08008cd7   Thumb Code    58  bmi160.o(.text)
    bmi160_set_mag_manual_enable             0x08008d11   Thumb Code   114  bmi160.o(.text)
    bmi160_get_mag_read_addr                 0x08008d83   Thumb Code    56  bmi160.o(.text)
    bmi160_set_mag_read_addr                 0x08008dbb   Thumb Code    62  bmi160.o(.text)
    bmi160_get_mag_write_addr                0x08008df9   Thumb Code    56  bmi160.o(.text)
    bmi160_set_mag_write_addr                0x08008e31   Thumb Code    62  bmi160.o(.text)
    bmi160_get_mag_write_data                0x08008e6f   Thumb Code    56  bmi160.o(.text)
    bmi160_set_mag_write_data                0x08008ea7   Thumb Code    62  bmi160.o(.text)
    bmi160_get_intr_enable_0                 0x08008ee5   Thumb Code   292  bmi160.o(.text)
    bmi160_set_intr_enable_0                 0x08009009   Thumb Code   506  bmi160.o(.text)
    bmi160_get_intr_enable_1                 0x08009203   Thumb Code   294  bmi160.o(.text)
    bmi160_set_intr_enable_1                 0x08009329   Thumb Code   504  bmi160.o(.text)
    bmi160_get_intr_enable_2                 0x08009521   Thumb Code   152  bmi160.o(.text)
    bmi160_set_intr_enable_2                 0x080095b9   Thumb Code   248  bmi160.o(.text)
    bmi160_get_step_detector_enable          0x080096b1   Thumb Code    60  bmi160.o(.text)
    bmi160_set_step_detector_enable          0x080096ed   Thumb Code    86  bmi160.o(.text)
    bmi160_get_intr_edge_ctrl                0x08009743   Thumb Code   114  bmi160.o(.text)
    bmi160_set_intr_edge_ctrl                0x080097b5   Thumb Code   184  bmi160.o(.text)
    bmi160_get_intr_level                    0x0800986d   Thumb Code   122  bmi160.o(.text)
    bmi160_set_intr_level                    0x080098e7   Thumb Code   184  bmi160.o(.text)
    bmi160_get_intr_output_type              0x0800999f   Thumb Code   114  bmi160.o(.text)
    bmi160_set_intr_output_type              0x08009a11   Thumb Code   166  bmi160.o(.text)
    bmi160_get_output_enable                 0x08009ab7   Thumb Code   112  bmi160.o(.text)
    bmi160_set_output_enable                 0x08009b27   Thumb Code   184  bmi160.o(.text)
    bmi160_get_latch_intr                    0x08009bdf   Thumb Code    60  bmi160.o(.text)
    bmi160_set_latch_intr                    0x08009c1b   Thumb Code    94  bmi160.o(.text)
    bmi160_get_input_enable                  0x08009c79   Thumb Code   124  bmi160.o(.text)
    bmi160_get_intr_low_g                    0x08009cf5   Thumb Code   114  bmi160.o(.text)
    bmi160_set_step_counter_enable           0x08009d67   Thumb Code   114  bmi160.o(.text)
    bmi160_get_step_counter_enable           0x08009dd9   Thumb Code    60  bmi160.o(.text)
    bmi160_set_intr_low_g                    0x08009e15   Thumb Code   238  bmi160.o(.text)
    bmi160_get_intr_high_g                   0x08009f03   Thumb Code   114  bmi160.o(.text)
    bmi160_set_intr_high_g                   0x08009f75   Thumb Code   184  bmi160.o(.text)
    bmi160_get_intr_any_motion               0x0800a02d   Thumb Code   124  bmi160.o(.text)
    bmi160_set_intr_significant_motion_select 0x0800a0a9   Thumb Code   114  bmi160.o(.text)
    bmi160_get_intr_significant_motion_select 0x0800a11b   Thumb Code    60  bmi160.o(.text)
    bmi160_set_intr_any_motion               0x0800a157   Thumb Code   214  bmi160.o(.text)
    bmi160_get_intr_nomotion                 0x0800a22d   Thumb Code   114  bmi160.o(.text)
    bmi160_set_intr_nomotion                 0x0800a29f   Thumb Code   184  bmi160.o(.text)
    bmi160_get_intr_double_tap               0x0800a357   Thumb Code   114  bmi160.o(.text)
    bmi160_set_intr_double_tap               0x0800a3c9   Thumb Code   166  bmi160.o(.text)
    bmi160_get_intr_single_tap               0x0800a46f   Thumb Code   124  bmi160.o(.text)
    bmi160_set_intr_single_tap               0x0800a4eb   Thumb Code   184  bmi160.o(.text)
    bmi160_get_intr_orient                   0x0800a5a3   Thumb Code   114  bmi160.o(.text)
    bmi160_set_intr_orient                   0x0800a615   Thumb Code   184  bmi160.o(.text)
    bmi160_get_intr_flat                     0x0800a6cd   Thumb Code   110  bmi160.o(.text)
    bmi160_set_intr_flat                     0x0800a73b   Thumb Code   184  bmi160.o(.text)
    bmi160_get_intr_pmu_trig                 0x0800a7f3   Thumb Code   114  bmi160.o(.text)
    bmi160_set_intr_pmu_trig                 0x0800a865   Thumb Code   194  bmi160.o(.text)
    bmi160_get_intr_fifo_full                0x0800a927   Thumb Code   114  bmi160.o(.text)
    bmi160_set_intr_fifo_full                0x0800a999   Thumb Code   166  bmi160.o(.text)
    bmi160_get_intr_fifo_wm                  0x0800aa3f   Thumb Code   114  bmi160.o(.text)
    bmi160_set_intr_fifo_wm                  0x0800aab1   Thumb Code   166  bmi160.o(.text)
    bmi160_get_intr_data_rdy                 0x0800ab57   Thumb Code   112  bmi160.o(.text)
    bmi160_set_intr_data_rdy                 0x0800abc7   Thumb Code   184  bmi160.o(.text)
    bmi160_get_intr_tap_source               0x0800ac7f   Thumb Code    70  bmi160.o(.text)
    bmi160_set_intr_tap_source               0x0800acc5   Thumb Code   114  bmi160.o(.text)
    bmi160_get_intr_low_high_source          0x0800ad37   Thumb Code    58  bmi160.o(.text)
    bmi160_set_intr_low_high_source          0x0800ad71   Thumb Code   114  bmi160.o(.text)
    bmi160_get_intr_motion_source            0x0800ade3   Thumb Code    58  bmi160.o(.text)
    bmi160_set_intr_motion_source            0x0800ae1d   Thumb Code   114  bmi160.o(.text)
    bmi160_get_intr_low_g_durn               0x0800ae8f   Thumb Code    56  bmi160.o(.text)
    bmi160_set_intr_low_g_durn               0x0800aec7   Thumb Code    62  bmi160.o(.text)
    bmi160_get_intr_low_g_thres              0x0800af05   Thumb Code    56  bmi160.o(.text)
    bmi160_set_intr_low_g_thres              0x0800af3d   Thumb Code    62  bmi160.o(.text)
    bmi160_get_intr_low_g_hyst               0x0800af7b   Thumb Code    60  bmi160.o(.text)
    bmi160_set_intr_low_g_hyst               0x0800afb7   Thumb Code   104  bmi160.o(.text)
    bmi160_get_intr_low_g_mode               0x0800b01f   Thumb Code    60  bmi160.o(.text)
    bmi160_set_intr_low_g_mode               0x0800b05b   Thumb Code   122  bmi160.o(.text)
    bmi160_get_intr_high_g_hyst              0x0800b0d5   Thumb Code    58  bmi160.o(.text)
    bmi160_set_intr_high_g_hyst              0x0800b10f   Thumb Code   104  bmi160.o(.text)
    bmi160_get_intr_high_g_durn              0x0800b177   Thumb Code    56  bmi160.o(.text)
    bmi160_set_intr_high_g_durn              0x0800b1af   Thumb Code    62  bmi160.o(.text)
    bmi160_get_intr_high_g_thres             0x0800b1ed   Thumb Code    56  bmi160.o(.text)
    bmi160_set_intr_high_g_thres             0x0800b225   Thumb Code    62  bmi160.o(.text)
    bmi160_get_intr_any_motion_durn          0x0800b263   Thumb Code    60  bmi160.o(.text)
    bmi160_set_intr_any_motion_durn          0x0800b29f   Thumb Code   104  bmi160.o(.text)
    bmi160_get_intr_slow_no_motion_durn      0x0800b307   Thumb Code    58  bmi160.o(.text)
    bmi160_set_intr_slow_no_motion_durn      0x0800b341   Thumb Code   104  bmi160.o(.text)
    bmi160_get_intr_any_motion_thres         0x0800b3a9   Thumb Code    56  bmi160.o(.text)
    bmi160_set_intr_any_motion_thres         0x0800b3e1   Thumb Code    62  bmi160.o(.text)
    bmi160_get_intr_slow_no_motion_thres     0x0800b41f   Thumb Code    56  bmi160.o(.text)
    bmi160_set_intr_slow_no_motion_thres     0x0800b457   Thumb Code    62  bmi160.o(.text)
    bmi160_get_intr_slow_no_motion_select    0x0800b495   Thumb Code    68  bmi160.o(.text)
    bmi160_set_intr_slow_no_motion_select    0x0800b4d9   Thumb Code   114  bmi160.o(.text)
    bmi160_unmap_significant_motion_intr     0x0800b54b   Thumb Code   226  bmi160.o(.text)
    bmi160_get_intr_significant_motion_skip  0x0800b62d   Thumb Code    60  bmi160.o(.text)
    bmi160_set_intr_significant_motion_skip  0x0800b669   Thumb Code   114  bmi160.o(.text)
    bmi160_get_intr_significant_motion_proof 0x0800b6db   Thumb Code    60  bmi160.o(.text)
    bmi160_set_intr_significant_motion_proof 0x0800b717   Thumb Code   114  bmi160.o(.text)
    bmi160_get_intr_tap_durn                 0x0800b789   Thumb Code    60  bmi160.o(.text)
    bmi160_set_intr_tap_durn                 0x0800b7c5   Thumb Code   166  bmi160.o(.text)
    bmi160_get_intr_tap_shock                0x0800b86b   Thumb Code    60  bmi160.o(.text)
    bmi160_set_intr_tap_shock                0x0800b8a7   Thumb Code   124  bmi160.o(.text)
    bmi160_get_intr_tap_quiet                0x0800b923   Thumb Code    58  bmi160.o(.text)
    bmi160_set_intr_tap_quiet                0x0800b95d   Thumb Code   114  bmi160.o(.text)
    bmi160_get_intr_tap_thres                0x0800b9cf   Thumb Code    60  bmi160.o(.text)
    bmi160_set_intr_tap_thres                0x0800ba0b   Thumb Code   104  bmi160.o(.text)
    bmi160_get_intr_orient_mode              0x0800ba73   Thumb Code    60  bmi160.o(.text)
    bmi160_set_intr_orient_mode              0x0800baaf   Thumb Code   114  bmi160.o(.text)
    bmi160_get_intr_orient_blocking          0x0800bb21   Thumb Code    60  bmi160.o(.text)
    bmi160_set_intr_orient_blocking          0x0800bb5d   Thumb Code   114  bmi160.o(.text)
    bmi160_get_intr_orient_hyst              0x0800bbcf   Thumb Code    58  bmi160.o(.text)
    bmi160_set_intr_orient_hyst              0x0800bc09   Thumb Code   104  bmi160.o(.text)
    bmi160_get_intr_orient_theta             0x0800bc71   Thumb Code    60  bmi160.o(.text)
    bmi160_set_intr_orient_theta             0x0800bcad   Thumb Code   126  bmi160.o(.text)
    bmi160_get_intr_orient_ud_enable         0x0800bd2b   Thumb Code    60  bmi160.o(.text)
    bmi160_set_intr_orient_ud_enable         0x0800bd67   Thumb Code   114  bmi160.o(.text)
    bmi160_get_intr_orient_axes_enable       0x0800bdd9   Thumb Code    58  bmi160.o(.text)
    bmi160_set_intr_orient_axes_enable       0x0800be13   Thumb Code   114  bmi160.o(.text)
    bmi160_get_intr_flat_theta               0x0800be85   Thumb Code    60  bmi160.o(.text)
    bmi160_set_intr_flat_theta               0x0800bec1   Thumb Code   114  bmi160.o(.text)
    bmi160_get_intr_flat_hold                0x0800bf33   Thumb Code    60  bmi160.o(.text)
    bmi160_set_intr_flat_hold                0x0800bf6f   Thumb Code   114  bmi160.o(.text)
    bmi160_get_intr_flat_hyst                0x0800bfe1   Thumb Code    60  bmi160.o(.text)
    bmi160_set_intr_flat_hyst                0x0800c01d   Thumb Code   114  bmi160.o(.text)
    bmi160_get_foc_accel_z                   0x0800c08f   Thumb Code    60  bmi160.o(.text)
    bmi160_set_foc_accel_z                   0x0800c0cb   Thumb Code    96  bmi160.o(.text)
    bmi160_get_foc_accel_y                   0x0800c12b   Thumb Code    60  bmi160.o(.text)
    bmi160_set_foc_accel_y                   0x0800c167   Thumb Code    96  bmi160.o(.text)
    bmi160_get_foc_accel_x                   0x0800c1c7   Thumb Code    60  bmi160.o(.text)
    bmi160_set_foc_accel_x                   0x0800c203   Thumb Code    96  bmi160.o(.text)
    bmi160_get_accel_offset_compensation_zaxis 0x0800c263   Thumb Code    58  bmi160.o(.text)
    bmi160_get_accel_offset_compensation_yaxis 0x0800c29d   Thumb Code    58  bmi160.o(.text)
    bmi160_get_accel_offset_compensation_xaxis 0x0800c2d7   Thumb Code    58  bmi160.o(.text)
    bmi160_set_accel_offset_enable           0x0800c311   Thumb Code   104  bmi160.o(.text)
    bmi160_set_accel_foc_trigger             0x0800c379   Thumb Code   590  bmi160.o(.text)
    bmi160_accel_foc_trigger_xyz             0x0800c5c7   Thumb Code   416  bmi160.o(.text)
    bmi160_get_foc_gyro_enable               0x0800c767   Thumb Code    60  bmi160.o(.text)
    bmi160_get_gyro_offset_compensation_zaxis 0x0800c7a3   Thumb Code   122  bmi160.o(.text)
    bmi160_get_gyro_offset_compensation_yaxis 0x0800c81d   Thumb Code   122  bmi160.o(.text)
    bmi160_get_gyro_offset_compensation_xaxis 0x0800c897   Thumb Code   128  bmi160.o(.text)
    bmi160_set_gyro_offset_enable            0x0800c917   Thumb Code   104  bmi160.o(.text)
    bmi160_set_foc_gyro_enable               0x0800c97f   Thumb Code   274  bmi160.o(.text)
    bmi160_get_nvm_prog_enable               0x0800ca91   Thumb Code    60  bmi160.o(.text)
    bmi160_set_nvm_prog_enable               0x0800cacd   Thumb Code    96  bmi160.o(.text)
    bmi160_get_spi3                          0x0800cb2d   Thumb Code    60  bmi160.o(.text)
    bmi160_set_spi3                          0x0800cb69   Thumb Code   114  bmi160.o(.text)
    bmi160_get_i2c_wdt_select                0x0800cbdb   Thumb Code    60  bmi160.o(.text)
    bmi160_set_i2c_wdt_select                0x0800cc17   Thumb Code   114  bmi160.o(.text)
    bmi160_get_i2c_wdt_enable                0x0800cc89   Thumb Code    68  bmi160.o(.text)
    bmi160_set_i2c_wdt_enable                0x0800cccd   Thumb Code   114  bmi160.o(.text)
    bmi160_get_if_mode                       0x0800cd3f   Thumb Code    60  bmi160.o(.text)
    bmi160_set_if_mode                       0x0800cd7b   Thumb Code   114  bmi160.o(.text)
    bmi160_get_gyro_sleep_trigger            0x0800cded   Thumb Code    60  bmi160.o(.text)
    bmi160_set_gyro_sleep_trigger            0x0800ce29   Thumb Code   114  bmi160.o(.text)
    bmi160_get_gyro_wakeup_trigger           0x0800ce9b   Thumb Code    60  bmi160.o(.text)
    bmi160_set_gyro_wakeup_trigger           0x0800ced7   Thumb Code   114  bmi160.o(.text)
    bmi160_get_gyro_sleep_state              0x0800cf49   Thumb Code    60  bmi160.o(.text)
    bmi160_set_gyro_sleep_state              0x0800cf85   Thumb Code   114  bmi160.o(.text)
    bmi160_get_gyro_wakeup_intr              0x0800cff7   Thumb Code    60  bmi160.o(.text)
    bmi160_set_gyro_wakeup_intr              0x0800d033   Thumb Code   122  bmi160.o(.text)
    bmi160_get_accel_selftest_axis           0x0800d0ad   Thumb Code    60  bmi160.o(.text)
    bmi160_set_accel_selftest_axis           0x0800d0e9   Thumb Code   114  bmi160.o(.text)
    bmi160_get_accel_selftest_sign           0x0800d15b   Thumb Code    60  bmi160.o(.text)
    bmi160_set_accel_selftest_sign           0x0800d197   Thumb Code   114  bmi160.o(.text)
    bmi160_get_accel_selftest_amp            0x0800d209   Thumb Code    60  bmi160.o(.text)
    bmi160_set_accel_selftest_amp            0x0800d245   Thumb Code   114  bmi160.o(.text)
    bmi160_get_gyro_selftest_start           0x0800d2b7   Thumb Code    60  bmi160.o(.text)
    bmi160_set_gyro_selftest_start           0x0800d2f3   Thumb Code   114  bmi160.o(.text)
    bmi160_get_spi_enable                    0x0800d365   Thumb Code    60  bmi160.o(.text)
    bmi160_set_spi_enable                    0x0800d3a1   Thumb Code   104  bmi160.o(.text)
    bmi160_get_spare0_trim                   0x0800d409   Thumb Code    60  bmi160.o(.text)
    bmi160_set_spare0_trim                   0x0800d445   Thumb Code    96  bmi160.o(.text)
    bmi160_get_nvm_counter                   0x0800d4a5   Thumb Code    58  bmi160.o(.text)
    bmi160_set_nvm_counter                   0x0800d4df   Thumb Code    86  bmi160.o(.text)
    bmi160_set_accel_offset_compensation_xaxis 0x0800d535   Thumb Code   122  bmi160.o(.text)
    bmi160_set_accel_offset_compensation_yaxis 0x0800d5af   Thumb Code   122  bmi160.o(.text)
    bmi160_set_accel_offset_compensation_zaxis 0x0800d629   Thumb Code   122  bmi160.o(.text)
    bmi160_set_gyro_offset_compensation_xaxis 0x0800d6a3   Thumb Code   230  bmi160.o(.text)
    bmi160_set_gyro_offset_compensation_yaxis 0x0800d789   Thumb Code   230  bmi160.o(.text)
    bmi160_set_gyro_offset_compensation_zaxis 0x0800d86f   Thumb Code   240  bmi160.o(.text)
    bmi160_get_accel_offset_enable           0x0800d95f   Thumb Code    60  bmi160.o(.text)
    bmi160_get_gyro_offset_enable            0x0800d99b   Thumb Code    58  bmi160.o(.text)
    bmi160_read_step_count                   0x0800d9d5   Thumb Code    66  bmi160.o(.text)
    bmi160_get_step_config                   0x0800da17   Thumb Code   134  bmi160.o(.text)
    bmi160_set_step_config                   0x0800da9d   Thumb Code   236  bmi160.o(.text)
    bmi160_set_step_mode                     0x0800db89   Thumb Code    96  bmi160.o(.text)
    bmi160_map_significant_motion_intr       0x0800dbe9   Thumb Code   268  bmi160.o(.text)
    bmi160_map_step_detector_intr            0x0800dcf5   Thumb Code   258  bmi160.o(.text)
    bmi160_clear_step_counter                0x0800ddf7   Thumb Code    28  bmi160.o(.text)
    bmi160_get_target_page                   0x0800de13   Thumb Code    60  bmi160.o(.text)
    bmi160_set_target_page                   0x0800de4f   Thumb Code    96  bmi160.o(.text)
    bmi160_get_paging_enable                 0x0800deaf   Thumb Code    58  bmi160.o(.text)
    bmi160_set_paging_enable                 0x0800dee9   Thumb Code    96  bmi160.o(.text)
    bmi160_get_pullup_configuration          0x0800df49   Thumb Code    56  bmi160.o(.text)
    bmi160_set_pullup_configuration          0x0800df81   Thumb Code    86  bmi160.o(.text)
    bmi160_bst_yamaha_yas537_fifo_xyz_data   0x0800e05f   Thumb Code   454  bmi160.o(.text)
    bmi160_bst_yas532_xy1y2_to_linear        0x0800e225   Thumb Code    68  bmi160.o(.text)
    bmi160_bst_yas532_fifo_xyz_data          0x0800e269   Thumb Code   728  bmi160.o(.text)
    bmi160_bst_akm09912_compensate_Z         0x0800e541   Thumb Code    26  bmi160.o(.text)
    bmi160_bst_akm09912_compensate_Y         0x0800e55b   Thumb Code    26  bmi160.o(.text)
    bmi160_bst_akm09912_compensate_X         0x0800e575   Thumb Code    26  bmi160.o(.text)
    bmi160_bst_akm09911_compensate_Z         0x0800e58f   Thumb Code    26  bmi160.o(.text)
    bmi160_bst_akm09911_compensate_Y         0x0800e5a9   Thumb Code    26  bmi160.o(.text)
    bmi160_bst_akm09911_compensate_X         0x0800e5c3   Thumb Code    26  bmi160.o(.text)
    bmi160_bmm150_mag_compensate_Z           0x0800e5dd   Thumb Code    92  bmi160.o(.text)
    bmi160_bmm150_mag_compensate_Y           0x0800e639   Thumb Code   128  bmi160.o(.text)
    bmi160_bmm150_mag_compensate_X           0x0800e6b9   Thumb Code   128  bmi160.o(.text)
    bmi160_second_if_mag_compensate_xyz      0x0800e739   Thumb Code  1092  bmi160.o(.text)
    bmi160_read_fifo_header_data_user_defined_length 0x0800eb7d   Thumb Code  2136  bmi160.o(.text)
    bmi160_read_fifo_header_data             0x0800f3d5   Thumb Code    34  bmi160.o(.text)
    bmi160_read_fifo_headerless_mode_user_defined_length 0x0800f3f7   Thumb Code  1796  bmi160.o(.text)
    bmi160_read_fifo_headerless_mode         0x0800fafb   Thumb Code    34  bmi160.o(.text)
    bmi160_bmm150_mag_compensate_xyz         0x0800fb1d   Thumb Code    68  bmi160.o(.text)
    bmi160_set_bmm150_mag_presetmode         0x0800fb61   Thumb Code   648  bmi160.o(.text)
    bmi160_read_bmm150_mag_trim              0x0800fde9   Thumb Code   892  bmi160.o(.text)
    bmi160_bmm150_mag_wakeup                 0x08010165   Thumb Code   146  bmi160.o(.text)
    bmi160_bmm150_mag_interface_init         0x080101f7   Thumb Code   534  bmi160.o(.text)
    bmi160_bmm150_mag_set_power_mode         0x0801040d   Thumb Code   234  bmi160.o(.text)
    bmi160_set_bmm150_mag_and_secondary_if_power_mode 0x080104f7   Thumb Code   176  bmi160.o(.text)
    bmi160_read_bst_akm_sensitivity_data     0x080105a7   Thumb Code   186  bmi160.o(.text)
    bmi160_bst_akm_mag_interface_init        0x08010661   Thumb Code   600  bmi160.o(.text)
    bmi160_bst_akm09911_compensate_xyz       0x080108b9   Thumb Code    52  bmi160.o(.text)
    bmi160_bst_akm09912_compensate_xyz       0x080108ed   Thumb Code    52  bmi160.o(.text)
    bmi160_bst_akm_set_powermode             0x08010921   Thumb Code   294  bmi160.o(.text)
    bmi160_set_bst_akm_and_secondary_if_powermode 0x08010a47   Thumb Code   196  bmi160.o(.text)
    bmi160_bst_yas532_set_offset             0x08010b0b   Thumb Code   188  bmi160.o(.text)
    bmi160_bst_yas532_set_initial_values     0x08010bc7   Thumb Code   256  bmi160.o(.text)
    bmi160_bst_yamaha_yas532_calib_values    0x08010cc7   Thumb Code   774  bmi160.o(.text)
    bmi160_bst_yamaha_yas532_mag_interface_init 0x08010fcd   Thumb Code   574  bmi160.o(.text)
    bmi160_bst_yas532_acquisition_command_register 0x0801120b   Thumb Code   126  bmi160.o(.text)
    bmi160_bst_yas532_normal_measurement_data 0x08011289   Thumb Code   286  bmi160.o(.text)
    bmi160_bst_yas532_magnetic_measure_set_offset 0x080113a7   Thumb Code   212  bmi160.o(.text)
    bmi160_bst_yas532_measurement_xyz_data   0x0801147b   Thumb Code   878  bmi160.o(.text)
    bmi160_bst_yamaha_yas537_calib_values    0x080117e9   Thumb Code  1714  bmi160.o(.text)
    bmi160_bst_yamaha_yas537_mag_interface_init 0x08011e9b   Thumb Code   550  bmi160.o(.text)
    bmi160_bst_yas537_acquisition_command_register 0x080120c1   Thumb Code   134  bmi160.o(.text)
    bmi160_bst_yamaha_yas537_read_xy1y2_data 0x08012147   Thumb Code   526  bmi160.o(.text)
    bmi160_bst_yamaha_yas537_measure_xyz_data 0x08012355   Thumb Code   446  bmi160.o(.text)
    bmi160_get_ptr                           0x08012513   Thumb Code     6  bmi160.o(.text)
    bmi160_delay_ms                          0x08012525   Thumb Code    12  bmi160_support.o(.text)
    bmi160_spi_bus_read                      0x08012531   Thumb Code    96  bmi160_support.o(.text)
    SPI_WRITE_STRING                         0x08012591   Thumb Code    42  bmi160_support.o(.text)
    bmi160_spi_bus_write                     0x080125bb   Thumb Code    80  bmi160_support.o(.text)
    spi_routine                              0x0801260b   Thumb Code    28  bmi160_support.o(.text)
    bmi160_set_gyro_mode                     0x08012627   Thumb Code    44  bmi160_support.o(.text)
    bmi160_set_accel_mode                    0x08012653   Thumb Code    38  bmi160_support.o(.text)
    bmi160_set_gyro_rate                     0x08012679   Thumb Code    38  bmi160_support.o(.text)
    bmi160_set_accel_rate                    0x0801269f   Thumb Code    40  bmi160_support.o(.text)
    bmi160_set_gyro_bandwidth                0x080126c7   Thumb Code    38  bmi160_support.o(.text)
    bmi160_set_accel_bandwidth               0x080126ed   Thumb Code    38  bmi160_support.o(.text)
    bmi160_read_sensor_data                  0x08012713   Thumb Code    52  bmi160_support.o(.text)
    bmi160_interrupt_configuration           0x08012747   Thumb Code    88  bmi160_support.o(.text)
    bmi160_config_running_mode               0x0801279f   Thumb Code  1998  bmi160_support.o(.text)
    bmi160_initialize_sensor                 0x08012f6d   Thumb Code   146  bmi160_support.o(.text)
    spi1_Configuration                       0x0801302d   Thumb Code   278  spi.o(.text)
    SPI1_ReadWrite_Byte                      0x08013143   Thumb Code    66  spi.o(.text)
    SpiReadBmi160DevID                       0x08013185   Thumb Code    52  spi.o(.text)
    SpiReadAk8975DevID                       0x080131b9   Thumb Code    52  spi.o(.text)
    SpiReadMpu6500DevID                      0x080131ed   Thumb Code    52  spi.o(.text)
    SpiReadLsm6ds33DevID                     0x08013221   Thumb Code    52  spi.o(.text)
    SpiReadReg                               0x08013255   Thumb Code    88  spi.o(.text)
    SpiReadMultData                          0x080132ad   Thumb Code   110  spi.o(.text)
    SpiWriteData                             0x0801331b   Thumb Code    90  spi.o(.text)
    TIM3_Int_Init                            0x08013381   Thumb Code    94  timer.o(.text)
    TIM3_IRQHandler                          0x080133df   Thumb Code    34  timer.o(.text)
    TIM4_Init                                0x08013401   Thumb Code   152  timer.o(.text)
    TIM4_capture                             0x08013499   Thumb Code    70  timer.o(.text)
    TIM5_Int_Init                            0x080134df   Thumb Code    54  timer.o(.text)
    TIM5_IRQHandler                          0x08013515   Thumb Code    56  timer.o(.text)
    delayUs                                  0x0801354d   Thumb Code   128  timer.o(.text)
    delayMs                                  0x080135cd   Thumb Code    28  timer.o(.text)
    BSP_Uart2_Init                           0x080135fd   Thumb Code   186  usart2.o(.text)
    USART2_IRQHandler                        0x080136b7   Thumb Code   158  usart2.o(.text)
    BSP_Uart2_RdByte                         0x08013767   Thumb Code    12  usart2.o(.text)
    BSP_Uart2_RdBytes                        0x08013773   Thumb Code   106  usart2.o(.text)
    BSP_Uart2_WrByte                         0x08013835   Thumb Code    12  usart2.o(.text)
    BSP_Uart2_RdBytelock                     0x08013841   Thumb Code    26  usart2.o(.text)
    BSP_Uart2_SendCommand                    0x0801385b   Thumb Code   138  usart2.o(.text)
    BSP_Uart2_WrStr                          0x080138e5   Thumb Code    26  usart2.o(.text)
    BSP_Uart3_Init                           0x0801392d   Thumb Code   190  usart3.o(.text)
    USART3_IRQHandler                        0x080139eb   Thumb Code   114  usart3.o(.text)
    BSP_Uart3_RdByte                         0x08013a6f   Thumb Code    12  usart3.o(.text)
    BSP_Uart3_WrByte                         0x08013ac3   Thumb Code    12  usart3.o(.text)
    BSP_Uart3_RdBytelock                     0x08013acf   Thumb Code    26  usart3.o(.text)
    BSP_Uart3_SendCommand                    0x08013ae9   Thumb Code   138  usart3.o(.text)
    BSP_Uart3_EnableTxE                      0x08013b73   Thumb Code    16  usart3.o(.text)
    BSP_Uart3_SendByte                       0x08013b83   Thumb Code    60  usart3.o(.text)
    BSP_Uart3_SendBuff                       0x08013bbf   Thumb Code    46  usart3.o(.text)
    pb_Load_NvmData_Init                     0x08013c09   Thumb Code  2560  pb_init.o(.text)
    pb_DR_Nav_Filter_Init                    0x08014609   Thumb Code    70  pb_init.o(.text)
    pb_DR_NavMech_Init                       0x0801464f   Thumb Code    48  pb_init.o(.text)
    pb_DR_StaticDetector_Init                0x0801467f   Thumb Code    40  pb_init.o(.text)
    pb_DR_Geo_Params_Init                    0x080146a7   Thumb Code    60  pb_init.o(.text)
    pb_DR_SNSRCfg_Init                       0x080146e3   Thumb Code   186  pb_init.o(.text)
    pb_DR_Osf_Filter_Init                    0x0801479d   Thumb Code    66  pb_init.o(.text)
    pb_DR_Gsf_Filter_Init                    0x080147df   Thumb Code    72  pb_init.o(.text)
    pb_DR_B2S_Filter_Init                    0x08014827   Thumb Code    38  pb_init.o(.text)
    pb_DR_Init                               0x0801484d   Thumb Code    36  pb_init.o(.text)
    pb_Init_Dops                             0x08014871   Thumb Code    42  pb_init.o(.text)
    pb_NavState_Init                         0x0801489b   Thumb Code   206  pb_init.o(.text)
    pb_NavSys_Init                           0x08014969   Thumb Code    20  pb_init.o(.text)
    pb_System_Init                           0x0801497d   Thumb Code    28  pb_init.o(.text)
    pb_Version_Info                          0x080149e1   Thumb Code     4  pb_memory.o(.text)
    pb_DR_Clear                              0x080149e5   Thumb Code    92  pb_memory.o(.text)
    pb_Data_Init                             0x08014a41   Thumb Code    90  pb_memory.o(.text)
    pb_Get_SystemTime                        0x08014a9b   Thumb Code     4  pb_memory.o(.text)
    pb_Get_UnixTime                          0x08014a9f   Thumb Code     4  pb_memory.o(.text)
    pb_Get_RawGNSS_Enriched_Fix              0x08014aa3   Thumb Code     4  pb_memory.o(.text)
    pb_Get_GNSS_AuxChan                      0x08014aa7   Thumb Code     4  pb_memory.o(.text)
    pb_Get_Internal_GNSSNavFix               0x08014aab   Thumb Code     4  pb_memory.o(.text)
    pb_Get_Internal_LastGNSSNavFix_Ptr       0x08014aaf   Thumb Code     4  pb_memory.o(.text)
    pb_Get_RawDRSensrorData                  0x08014ab3   Thumb Code     4  pb_memory.o(.text)
    pb_Get_WoringNavSysStates                0x08014ab7   Thumb Code     4  pb_memory.o(.text)
    pb_Get_LastNavSysStates                  0x08014abb   Thumb Code     4  pb_memory.o(.text)
    pb_Get_ControlState                      0x08014abf   Thumb Code     4  pb_memory.o(.text)
    pb_Get_ContextState                      0x08014ac3   Thumb Code     6  pb_memory.o(.text)
    pb_Age_States                            0x08014ac9   Thumb Code    16  pb_memory.o(.text)
    pb_Get_NavFilter                         0x08014ad9   Thumb Code     4  pb_memory.o(.text)
    pb_Get_DR_Sesnors                        0x08014add   Thumb Code     4  pb_memory.o(.text)
    pb_Get_DR_Sensor1sPtr                    0x08014ae1   Thumb Code     4  pb_memory.o(.text)
    pb_Get_DR_NavMech                        0x08014ae5   Thumb Code     4  pb_memory.o(.text)
    pb_Get_DR_NavFilterPtr                   0x08014ae9   Thumb Code     4  pb_memory.o(.text)
    pb_Get_DR_SNSRCfg                        0x08014aed   Thumb Code     4  pb_memory.o(.text)
    pb_Get_DR_B2SFilter                      0x08014af1   Thumb Code     4  pb_memory.o(.text)
    pb_Get_DR_GsfFilterPtr                   0x08014af5   Thumb Code     4  pb_memory.o(.text)
    pb_Get_DR_OsfFilterPtr                   0x08014af9   Thumb Code     4  pb_memory.o(.text)
    pb_Get_DR_GeoParamPtr                    0x08014afd   Thumb Code     4  pb_memory.o(.text)
    pb_Get_DR_StaticDetector                 0x08014b01   Thumb Code     4  pb_memory.o(.text)
    pb_Get_DR_VirtualAiding                  0x08014b05   Thumb Code     4  pb_memory.o(.text)
    pb_Query_OutputNavigationState           0x08014b79   Thumb Code    18  pb_if.o(.text)
    pb_Set_OutputNavigationState             0x08014b8b   Thumb Code    18  pb_if.o(.text)
    pb_Set_NvmData                           0x08014b9d   Thumb Code    18  pb_if.o(.text)
    pb_Get_NvmData                           0x08014baf   Thumb Code    18  pb_if.o(.text)
    pb_SoftwareLicense                       0x08014bc1   Thumb Code    20  pb_if.o(.text)
    pb_Extrapolate_ExternalGNSSFix           0x08014bd5   Thumb Code   252  pb_if.o(.text)
    pb_Set_ExternalGNSS_Enriched_Fix         0x08014cd1   Thumb Code   526  pb_if.o(.text)
    pb_Set_ExternalGNSS_AuxChan              0x08014edf   Thumb Code   344  pb_if.o(.text)
    pb_Set_UnixTime                          0x08015037   Thumb Code    20  pb_if.o(.text)
    pb_Set_External_DR_SensrorData           0x0801504b   Thumb Code   292  pb_if.o(.text)
    pb_DR_Main_external                      0x0801516f   Thumb Code     8  pb_if.o(.text)
    pb_Msl_Weight                            0x08015181   Thumb Code   168  pb_msl.o(.text)
    pb_Msl_Compute                           0x08015229   Thumb Code  1158  pb_msl.o(.text)
    pb_MSL_Init                              0x080156af   Thumb Code    46  pb_msl.o(.text)
    pb_MSL_Update                            0x080156dd   Thumb Code   224  pb_msl.o(.text)
    pb_Get_GeoidSepMeter                     0x080157bd   Thumb Code     8  pb_msl.o(.text)
    pb_UTC2GpsTime                           0x080157e1   Thumb Code   328  pb_geoutil.o(.text)
    pb_LeapYear_Check                        0x08015929   Thumb Code    58  pb_geoutil.o(.text)
    pb_GetUTC_Offset                         0x08015963   Thumb Code    60  pb_geoutil.o(.text)
    pb_GpsTime2UTC                           0x0801599f   Thumb Code   528  pb_geoutil.o(.text)
    pb_ConvertGPSToUnixTime                  0x08015baf   Thumb Code   216  pb_geoutil.o(.text)
    pb_GeoPos2Dcm                            0x08015c87   Thumb Code   246  pb_geoutil.o(.text)
    pb_Ellipsoid_Radius                      0x08015d7d   Thumb Code   226  pb_geoutil.o(.text)
    pb_Geo2ECEF                              0x08015e5f   Thumb Code   300  pb_geoutil.o(.text)
    pb_ECEF2Geo                              0x08015f8b   Thumb Code  1372  pb_geoutil.o(.text)
    pb_NormalGravity                         0x080164e7   Thumb Code   364  pb_geoutil.o(.text)
    pb_Get_Distance                          0x08016653   Thumb Code   356  pb_geoutil.o(.text)
    pb_MEMS_Alt_Convert_Pa2Cm                0x080167b7   Thumb Code    42  pb_geoutil.o(.text)
    pb_Get_Delta_Az                          0x080167e1   Thumb Code    68  pb_geoutil.o(.text)
    pb_GPSWeek_SanityCheck                   0x08016825   Thumb Code    16  pb_geoutil.o(.text)
    pb_Distance_Init                         0x08016895   Thumb Code    14  pb_distance.o(.text)
    pb_Distance_Update                       0x080168a3   Thumb Code  1506  pb_distance.o(.text)
    pb_DR_Pre_Rotate_Axes                    0x08016e95   Thumb Code   206  pb_dr_inertial.o(.text)
    pb_DR_PreRotation_Selection              0x08016f63   Thumb Code   130  pb_dr_inertial.o(.text)
    pb_DR_Set_GeoParam                       0x08016fe5   Thumb Code   622  pb_dr_inertial.o(.text)
    Pos2Quat                                 0x08017253   Thumb Code   336  pb_dr_inertial.o(.text)
    Quat2Pos                                 0x080173a3   Thumb Code   210  pb_dr_inertial.o(.text)
    Rvec2Quat                                0x08017475   Thumb Code   192  pb_dr_inertial.o(.text)
    QuatPrdct                                0x08017535   Thumb Code   210  pb_dr_inertial.o(.text)
    Quat2Dcm                                 0x08017607   Thumb Code   362  pb_dr_inertial.o(.text)
    Dcm2Quat                                 0x08017771   Thumb Code   722  pb_dr_inertial.o(.text)
    Quat2Euler                               0x08017a43   Thumb Code   300  pb_dr_inertial.o(.text)
    Euler2Quat                               0x08017b6f   Thumb Code   220  pb_dr_inertial.o(.text)
    QuatNormalize                            0x08017c4b   Thumb Code   126  pb_dr_inertial.o(.text)
    Euler2Dcm                                0x08017cc9   Thumb Code   216  pb_dr_inertial.o(.text)
    Dcm2Euler                                0x08017da1   Thumb Code    76  pb_dr_inertial.o(.text)
    Euler2DcmB2S                             0x08017ded   Thumb Code   230  pb_dr_inertial.o(.text)
    pb_DR_INS_SanityCheck                    0x08017ed3   Thumb Code   244  pb_dr_inertial.o(.text)
    pb_DR_INS_MECH                           0x08017fc7   Thumb Code   920  pb_dr_inertial.o(.text)
    pb_DR_Main                               0x08018383   Thumb Code    20  pb_mainctrl.o(.text)
    pb_SnsrBuffer_Init                       0x08018399   Thumb Code    14  pb_snsrbuffer.o(.text)
    pbDR_DownSampling_And_Cond_ForcedDR      0x080183a7   Thumb Code  1854  pb_snsrbuffer.o(.text)
    pbDR_Get_DR_RedayDataSet                 0x08018ae5   Thumb Code     4  pb_snsrbuffer.o(.text)
    pbDR_Set_SensorSet_ForcedDR              0x08018ae9   Thumb Code    34  pb_snsrbuffer.o(.text)
    pb_SnsrBuffer_Update                     0x08018b0b   Thumb Code     8  pb_snsrbuffer.o(.text)
    ATAN2                                    0x08018b2d   Thumb Code   130  pb_mathutil.o(.text)
    ATAN2F                                   0x08018baf   Thumb Code   138  pb_mathutil.o(.text)
    MATH_Mod                                 0x08018c39   Thumb Code   104  pb_mathutil.o(.text)
    MATH_Mod_Int16                           0x08018ca1   Thumb Code    96  pb_mathutil.o(.text)
    MATH_MxV_3x3                             0x08018d01   Thumb Code   172  pb_mathutil.o(.text)
    MATH_MxV_3x3_F                           0x08018dad   Thumb Code   106  pb_mathutil.o(.text)
    MATH_MtxV_3x3_F                          0x08018e17   Thumb Code    98  pb_mathutil.o(.text)
    MATH_VectorCrossProductF                 0x08018e79   Thumb Code   112  pb_mathutil.o(.text)
    MATH_MaddM_F                             0x08018ee9   Thumb Code   178  pb_mathutil.o(.text)
    MATH_MsubM_F                             0x08018f9b   Thumb Code   146  pb_mathutil.o(.text)
    MATH_VaddV_F                             0x0801902d   Thumb Code    50  pb_mathutil.o(.text)
    MATH_VsubV_D                             0x0801905f   Thumb Code   130  pb_mathutil.o(.text)
    MATH_VsubV_F                             0x080190e1   Thumb Code    50  pb_mathutil.o(.text)
    MATH_MxSF                                0x08019113   Thumb Code   110  pb_mathutil.o(.text)
    MATH_VxSF                                0x08019181   Thumb Code    38  pb_mathutil.o(.text)
    MATH_MxMt                                0x080191a7   Thumb Code   158  pb_mathutil.o(.text)
    MATH_MxM                                 0x08019245   Thumb Code   158  pb_mathutil.o(.text)
    MATH_Mt                                  0x080192e3   Thumb Code    70  pb_mathutil.o(.text)
    MATH_Mt_D                                0x08019329   Thumb Code    86  pb_mathutil.o(.text)
    MATH_Orthogonalization                   0x0801937f   Thumb Code    84  pb_mathutil.o(.text)
    MATH_Skew                                0x080193d3   Thumb Code    86  pb_mathutil.o(.text)
    MATH_DiagMatrix                          0x08019429   Thumb Code    82  pb_mathutil.o(.text)
    MATH_ZeroM                               0x0801947b   Thumb Code    50  pb_mathutil.o(.text)
    MATH_ZeroV                               0x080194ad   Thumb Code    18  pb_mathutil.o(.text)
    MATH_InvertMatrix                        0x080194bf   Thumb Code  1190  pb_mathutil.o(.text)
    MATH_Zeros2D                             0x08019965   Thumb Code    48  pb_mathutil.o(.text)
    Mem_Alloc_1d                             0x08019995   Thumb Code    40  pb_mathutil.o(.text)
    MATH_Free_1d                             0x080199bd   Thumb Code    12  pb_mathutil.o(.text)
    Mem_Alloc_2d                             0x080199c9   Thumb Code    70  pb_mathutil.o(.text)
    MATH_Free_2d                             0x08019a0f   Thumb Code    18  pb_mathutil.o(.text)
    MATH_MMmult_F                            0x08019a21   Thumb Code   122  pb_mathutil.o(.text)
    MATH_Norm                                0x08019a9b   Thumb Code   120  pb_mathutil.o(.text)
    MATH_Vec_Transpose                       0x08019b13   Thumb Code    50  pb_mathutil.o(.text)
    MATH_FillArrayFromSubArray               0x08019b45   Thumb Code   222  pb_mathutil.o(.text)
    MATH_MtoV                                0x08019c23   Thumb Code    70  pb_mathutil.o(.text)
    MATH_VtoM                                0x08019c69   Thumb Code    66  pb_mathutil.o(.text)
    MATH_Fourier                             0x08019cab   Thumb Code   506  pb_mathutil.o(.text)
    MATH_RealFft512                          0x08019ea5   Thumb Code   484  pb_mathutil.o(.text)
    MATH_FFTSpectrum                         0x0801a089   Thumb Code   176  pb_mathutil.o(.text)
    MATH_TransposeSymmetricMatrix            0x0801a139   Thumb Code    82  pb_mathutil.o(.text)
    MATH_TriDiag_Matrix                      0x0801a18b   Thumb Code   344  pb_mathutil.o(.text)
    MATH_SVDdecompose                        0x0801a2e3   Thumb Code  1214  pb_mathutil.o(.text)
    pb_DR_Post_Nvm                           0x0801a7a1   Thumb Code  1638  pb_post.o(.text)
    pb_DR_QoS_Compute_Internal_QoS           0x0801ae07   Thumb Code    50  pb_post.o(.text)
    pb_DR_Post_NavState                      0x0801ae39   Thumb Code  2986  pb_post.o(.text)
    pb_Post_NavSolution                      0x0801b9e3   Thumb Code   114  pb_post.o(.text)
    pb_Post_OutputState                      0x0801ba55   Thumb Code  1258  pb_post.o(.text)
    pb_Speed_Context_Dection                 0x0801bf41   Thumb Code   634  pb_context.o(.text)
    pb_Static_Dection_Sys                    0x0801c1bb   Thumb Code   302  pb_context.o(.text)
    pb_ContextModeDetection                  0x0801c2e9   Thumb Code   282  pb_context.o(.text)
    pb_DR_Nav_GNSS_Aiding                    0x0801c405   Thumb Code   730  pb_dr_nav.o(.text)
    pb_DR_Nav_Update                         0x0801c6df   Thumb Code   542  pb_dr_nav.o(.text)
    pb_DR_LooseFilter_Update                 0x0801c8fd   Thumb Code  3332  pb_dr_nav.o(.text)
    pb_DR_Solution                           0x0801d601   Thumb Code   790  pb_dr_nav.o(.text)
    DR_Capture_1s_Nav_State                  0x0801d917   Thumb Code   240  pb_dr_nav.o(.text)
    pb_DR_Average_1s_Data                    0x0801da07   Thumb Code   434  pb_dr_nav.o(.text)
    pb_Sesnor_Load                           0x0801dbb9   Thumb Code   596  pb_dr_nav.o(.text)
    pb_DR_PreProc                            0x0801de0d   Thumb Code   192  pb_dr_nav.o(.text)
    pb_DR_Navigation                         0x0801decd   Thumb Code    12  pb_dr_nav.o(.text)
    pb_DR_Nav_SensorBiasUpdate               0x0801ded9   Thumb Code    98  pb_dr_nav.o(.text)
    pb_DR_Pos_Update                         0x0801df3b   Thumb Code   198  pb_dr_nav.o(.text)
    pb_GNSS_Pos_Vel_Var_Modeling             0x0801e001   Thumb Code  1428  pb_gnss.o(.text)
    pb_GNSS_Proc                             0x0801e595   Thumb Code  1954  pb_gnss.o(.text)
    pb_SysTime_Update                        0x0801ed51   Thumb Code   266  pb_innerutil.o(.text)
    pb_UpateNav_Time                         0x0801ee5b   Thumb Code   194  pb_innerutil.o(.text)
    pb_PropagatePos                          0x0801ef1d   Thumb Code   248  pb_innerutil.o(.text)
    pb_Update_Part_OutputNavState            0x0801f015   Thumb Code   278  pb_innerutil.o(.text)
    pb_Posterior_Check                       0x0801f12b   Thumb Code  1928  pb_innerutil.o(.text)
    pbDR_Stationary_Sensor_Detection         0x0801f8cd   Thumb Code   384  pb_dr_coreutil.o(.text)
    pb_DR_OdoSF_Filter                       0x0801fa61   Thumb Code   446  pb_dr_sf.o(.text)
    pb_DR_GyroSF_Filter                      0x0801fc1f   Thumb Code  1568  pb_dr_sf.o(.text)
    pb_DR_GyroSF_Filter_2                    0x0802023f   Thumb Code   616  pb_dr_sf.o(.text)
    pb_DR_B2S_Filter                         0x080204ad   Thumb Code  2036  pb_dr_b2sfilter.o(.text)
    pb_Init_Filter                           0x08020ca1   Thumb Code    80  pb_filterutil.o(.text)
    pb_DR_Filter_Initialization              0x08020cf1   Thumb Code   100  pb_filterutil.o(.text)
    pb_PhiU                                  0x08020d55   Thumb Code   222  pb_filterutil.o(.text)
    pb_DR_Nav_Phi                            0x08020e33   Thumb Code  2190  pb_filterutil.o(.text)
    pb_Rank1                                 0x080216c1   Thumb Code   512  pb_filterutil.o(.text)
    pb_DR_Nav_AddQ_Sensors                   0x080218c1   Thumb Code   742  pb_filterutil.o(.text)
    pb_UD2Diag                               0x08021ba7   Thumb Code   560  pb_filterutil.o(.text)
    pb_DR_UDMeas                             0x08021dd7   Thumb Code   740  pb_filterutil.o(.text)
    pb_DR_Pos_InitAverage                    0x080220bd   Thumb Code   228  pb_dr_util.o(.text)
    pbDR_Odo_Detect_Using_GNSS               0x080221a1   Thumb Code   100  pb_dr_util.o(.text)
    pb_DR_Update_SanityCheck                 0x08022205   Thumb Code   378  pb_dr_util.o(.text)
    pb_DR_Update_AidingInfo                  0x0802237f   Thumb Code   912  pb_dr_util.o(.text)
    __aeabi_memcpy                           0x08022735   Thumb Code    36  memcpya.o(.text)
    __aeabi_memcpy4                          0x08022735   Thumb Code     0  memcpya.o(.text)
    __aeabi_memcpy8                          0x08022735   Thumb Code     0  memcpya.o(.text)
    __aeabi_memset                           0x08022759   Thumb Code    14  memseta.o(.text)
    __aeabi_memset4                          0x08022759   Thumb Code     0  memseta.o(.text)
    __aeabi_memset8                          0x08022759   Thumb Code     0  memseta.o(.text)
    __aeabi_memclr                           0x08022767   Thumb Code     4  memseta.o(.text)
    __aeabi_memclr4                          0x08022767   Thumb Code     0  memseta.o(.text)
    __aeabi_memclr8                          0x08022767   Thumb Code     0  memseta.o(.text)
    _memset$wrapper                          0x0802276b   Thumb Code    18  memseta.o(.text)
    strncpy                                  0x0802277d   Thumb Code    24  strncpy.o(.text)
    __aeabi_dadd                             0x08022795   Thumb Code   322  dadd.o(.text)
    __aeabi_dsub                             0x080228d7   Thumb Code     6  dadd.o(.text)
    __aeabi_drsub                            0x080228dd   Thumb Code     6  dadd.o(.text)
    __aeabi_dmul                             0x080228e3   Thumb Code   228  dmul.o(.text)
    __aeabi_ddiv                             0x080229c7   Thumb Code   222  ddiv.o(.text)
    __aeabi_i2d                              0x08022aa5   Thumb Code    34  dflti.o(.text)
    __aeabi_ui2d                             0x08022ac7   Thumb Code    26  dfltui.o(.text)
    __aeabi_d2iz                             0x08022ae1   Thumb Code    62  dfixi.o(.text)
    __aeabi_d2uiz                            0x08022b1f   Thumb Code    50  dfixui.o(.text)
    __aeabi_f2d                              0x08022b51   Thumb Code    38  f2d.o(.text)
    __aeabi_cdcmpeq                          0x08022b79   Thumb Code     0  cdcmple.o(.text)
    __aeabi_cdcmple                          0x08022b79   Thumb Code    38  cdcmple.o(.text)
    __aeabi_cdrcmple                         0x08022ba1   Thumb Code    38  cdrcmple.o(.text)
    __aeabi_d2f                              0x08022bc9   Thumb Code    56  d2f.o(.text)
    __aeabi_uidiv                            0x08022c01   Thumb Code     0  uidiv.o(.text)
    __aeabi_uidivmod                         0x08022c01   Thumb Code    44  uidiv.o(.text)
    __aeabi_uldivmod                         0x08022c2d   Thumb Code    98  uldiv.o(.text)
    __aeabi_llsl                             0x08022c8f   Thumb Code    30  llshl.o(.text)
    _ll_shift_l                              0x08022c8f   Thumb Code     0  llshl.o(.text)
    __aeabi_llsr                             0x08022cad   Thumb Code    32  llushr.o(.text)
    _ll_ushift_r                             0x08022cad   Thumb Code     0  llushr.o(.text)
    __aeabi_lasr                             0x08022ccd   Thumb Code    36  llsshr.o(.text)
    _ll_sshift_r                             0x08022ccd   Thumb Code     0  llsshr.o(.text)
    __I$use$fp                               0x08022cf1   Thumb Code     0  iusefp.o(.text)
    _float_round                             0x08022cf1   Thumb Code    18  fepilogue.o(.text)
    _float_epilogue                          0x08022d03   Thumb Code    90  fepilogue.o(.text)
    _double_round                            0x08022d5d   Thumb Code    26  depilogue.o(.text)
    _double_epilogue                         0x08022d77   Thumb Code   164  depilogue.o(.text)
    __ARM_scalbn                             0x08022e1b   Thumb Code    46  dscalb.o(.text)
    scalbn                                   0x08022e1b   Thumb Code     0  dscalb.o(.text)
    _dsqrt                                   0x08022e49   Thumb Code   162  dsqrt.o(.text)
    _drem                                    0x08022eeb   Thumb Code   128  drem.o(.text)
    __aeabi_d2ulz                            0x08022f6b   Thumb Code    48  dfixul.o(.text)
    __scatterload                            0x08022f9d   Thumb Code    28  init.o(.text)
    __scatterload_rt2                        0x08022f9d   Thumb Code     0  init.o(.text)
    __decompress                             0x08022fc1   Thumb Code     0  __dczerorl2.o(.text)
    __decompress1                            0x08022fc1   Thumb Code    92  __dczerorl2.o(.text)
    __0snprintf                              0x0802301d   Thumb Code    36  printfa.o(i.__0snprintf)
    __1snprintf                              0x0802301d   Thumb Code     0  printfa.o(i.__0snprintf)
    __2snprintf                              0x0802301d   Thumb Code     0  printfa.o(i.__0snprintf)
    __c89snprintf                            0x0802301d   Thumb Code     0  printfa.o(i.__0snprintf)
    snprintf                                 0x0802301d   Thumb Code     0  printfa.o(i.__0snprintf)
    __0sprintf                               0x08023045   Thumb Code    34  printfa.o(i.__0sprintf)
    __1sprintf                               0x08023045   Thumb Code     0  printfa.o(i.__0sprintf)
    __2sprintf                               0x08023045   Thumb Code     0  printfa.o(i.__0sprintf)
    __c89sprintf                             0x08023045   Thumb Code     0  printfa.o(i.__0sprintf)
    sprintf                                  0x08023045   Thumb Code     0  printfa.o(i.__0sprintf)
    __ARM_fpclassify                         0x0802306d   Thumb Code    48  fpclassify.o(i.__ARM_fpclassify)
    __ARM_fpclassifyf                        0x0802309d   Thumb Code    38  fpclassifyf.o(i.__ARM_fpclassifyf)
    __hardfp_asinf                           0x080230c5   Thumb Code   250  asinf.o(i.__hardfp_asinf)
    __hardfp_atan                            0x080231e9   Thumb Code   636  atan.o(i.__hardfp_atan)
    __hardfp_atan2                           0x080234d1   Thumb Code   416  atan2.o(i.__hardfp_atan2)
    __hardfp_atan2f                          0x080236b1   Thumb Code   486  atan2f.o(i.__hardfp_atan2f)
    __hardfp_atanf                           0x080238f9   Thumb Code   290  atanf.o(i.__hardfp_atanf)
    __hardfp_cos                             0x08023a61   Thumb Code   200  cos.o(i.__hardfp_cos)
    __hardfp_cosf                            0x08023b39   Thumb Code   282  cosf.o(i.__hardfp_cosf)
    __hardfp_fabs                            0x08023c95   Thumb Code    20  fabs.o(i.__hardfp_fabs)
    __hardfp_floorf                          0x08023ca9   Thumb Code    98  floorf.o(i.__hardfp_floorf)
    __hardfp_fmod                            0x08023d19   Thumb Code   280  fmod.o(i.__hardfp_fmod)
    __hardfp_pow                             0x08023e41   Thumb Code  3132  pow.o(i.__hardfp_pow)
    __hardfp_sin                             0x08024ad1   Thumb Code   200  sin.o(i.__hardfp_sin)
    __hardfp_sinf                            0x08024ba9   Thumb Code   314  sinf.o(i.__hardfp_sinf)
    __hardfp_sqrt                            0x08024d21   Thumb Code   122  sqrt.o(i.__hardfp_sqrt)
    __hardfp_sqrtf                           0x08024d9b   Thumb Code    58  sqrtf.o(i.__hardfp_sqrtf)
    __ieee754_rem_pio2                       0x08024dd9   Thumb Code   972  rred.o(i.__ieee754_rem_pio2)
    __kernel_cos                             0x08025231   Thumb Code   322  cos_i.o(i.__kernel_cos)
    __kernel_poly                            0x080253a1   Thumb Code   248  poly.o(i.__kernel_poly)
    __kernel_sin                             0x08025499   Thumb Code   280  sin_i.o(i.__kernel_sin)
    __mathlib_dbl_underflow                  0x080255c9   Thumb Code    24  dunder.o(i.__mathlib_dbl_underflow)
    __mathlib_flt_underflow                  0x080255e9   Thumb Code    10  funder.o(i.__mathlib_flt_underflow)
    __mathlib_rredf2                         0x080255f9   Thumb Code   296  rredf.o(i.__mathlib_rredf2)
    __scatterload_copy                       0x08025739   Thumb Code    14  handlers.o(i.__scatterload_copy)
    __scatterload_null                       0x08025747   Thumb Code     2  handlers.o(i.__scatterload_null)
    __scatterload_zeroinit                   0x08025749   Thumb Code    14  handlers.o(i.__scatterload_zeroinit)
    __set_errno                              0x08025759   Thumb Code     6  errno.o(i.__set_errno)
    atan                                     0x08026027   Thumb Code    16  atan.o(i.atan)
    fabs                                     0x08026037   Thumb Code    32  fabs.o(i.fabs)
    free                                     0x08026059   Thumb Code    76  malloc.o(i.free)
    malloc                                   0x080260a9   Thumb Code    92  malloc.o(i.malloc)
    sqrt                                     0x08026115   Thumb Code   110  sqrt.o(i.sqrt)
    sqrtf                                    0x08026183   Thumb Code    62  sqrtf.o(i.sqrtf)
    pdaysInMonth_gluelayer                   0x080261c0   Data          26  pb_gluelayer.o(.constdata)
    packed_geoid_data                        0x08026302   Data         612  pb_msl.o(.constdata)
    packed_geoid_poles                       0x08026566   Data           2  pb_msl.o(.constdata)
    pdaysInMonth                             0x08026568   Data          26  pb_geoutil.o(.constdata)
    __mathlib_zero                           0x080266d8   Data           8  qnan.o(.constdata)
    Region$$Table$$Base                      0x08026810   Number         0  anon$$obj.o(Region$$Table)
    Region$$Table$$Limit                     0x08026830   Number         0  anon$$obj.o(Region$$Table)
    SystemCoreClock                          0x20000000   Data           4  system_stm32f4xx.o(.data)
    AHBPrescTable                            0x20000004   Data          16  system_stm32f4xx.o(.data)
    g32BmI160LastTimer                       0x200000e4   Data           4  pbdrctrlmgr.o(.data)
    g32BmI160IntervalMax                     0x200000e8   Data           4  pbdrctrlmgr.o(.data)
    g32BmI160IntervalMin                     0x200000ec   Data           4  pbdrctrlmgr.o(.data)
    g32BmI160CostMax                         0x200000f0   Data           4  pbdrctrlmgr.o(.data)
    g32BmI160CostMin                         0x200000f4   Data           4  pbdrctrlmgr.o(.data)
    g8BmiWrPt                                0x200000f8   Data           1  pbdrctrlmgr.o(.data)
    g8BmiRdPt                                0x200000f9   Data           1  pbdrctrlmgr.o(.data)
    g32HandlerLastTimer                      0x200000fc   Data           4  pbdrctrlmgr.o(.data)
    g32HandlerIntervalMax                    0x20000100   Data           4  pbdrctrlmgr.o(.data)
    g32HandlerIntervalMin                    0x20000104   Data           4  pbdrctrlmgr.o(.data)
    g32HandlerCostMax                        0x20000108   Data           4  pbdrctrlmgr.o(.data)
    g32HandlerCostMin                        0x2000010c   Data           4  pbdrctrlmgr.o(.data)
    rawBmiDataLostCnt                        0x20000110   Data           1  pbdrctrlmgr.o(.data)
    rawBmi160Start                           0x20000111   Data           1  pbdrctrlmgr.o(.data)
    rawBmi160LastTimer                       0x20000114   Data           4  pbdrctrlmgr.o(.data)
    rawBmi160DelayCnt                        0x20000118   Data           2  pbdrctrlmgr.o(.data)
    rawGnssGetDataCnt                        0x2000011a   Data           2  pbdrctrlmgr.o(.data)
    rawGnssWaitCnt                           0x2000011c   Data           2  pbdrctrlmgr.o(.data)
    rawBmiWrPt                               0x2000011e   Data           1  pbdrctrlmgr.o(.data)
    V_bmm150_maual_auto_condition_u8         0x20000120   Data           1  bmi160.o(.data)
    p_bmi160                                 0x20000124   Data           4  bmi160.o(.data)
    akm_asa_data                             0x20000128   Data           3  bmi160.o(.data)
    bmi160_power_mode_status_u8_g            0x2000012b   Data           1  bmi160.o(.data)
    mag_data                                 0x2000012c   Data           8  bmi160.o(.data)
    gyroxyz                                  0x20000164   Data           6  bmi160_support.o(.data)
    accelxyz                                 0x2000016a   Data           6  bmi160_support.o(.data)
    bmi160_temperature                       0x20000170   Data           2  bmi160_support.o(.data)
    g16TIM4OverCapCnt                        0x200001a4   Data           2  timer.o(.data)
    BSP_Uart2TxDataLenth                     0x200001a8   Data           2  usart2.o(.data)
    BSP_Uart2TxDataFlag                      0x200001aa   Data           2  usart2.o(.data)
    BSP_Uart2RxDataLenth                     0x200001ac   Data           1  usart2.o(.data)
    BSP_Uart2RxDataFlag                      0x200001ad   Data           1  usart2.o(.data)
    usart2_sem                               0x200001b0   Data           4  usart2.o(.data)
    usart2_semO                              0x200001b4   Data           4  usart2.o(.data)
    usart2_cin                               0x200001b8   Data           1  usart2.o(.data)
    usart2_cout                              0x200001b9   Data           1  usart2.o(.data)
    usart2_semzt1                            0x200001bc   Data           4  usart2.o(.data)
    usart2_semzt2                            0x200001c0   Data           4  usart2.o(.data)
    BSP_Uart3TxDataLenth                     0x200001c4   Data           1  usart3.o(.data)
    BSP_Uart3TxDataFlag                      0x200001c5   Data           1  usart3.o(.data)
    BSP_Uart3RxDataLenth                     0x200001c6   Data           1  usart3.o(.data)
    BSP_Uart3RxDataFlag                      0x200001c7   Data           1  usart3.o(.data)
    __microlib_freelist                      0x200001e8   Data           4  mvars.o(.data)
    __microlib_freelist_initialised          0x200001ec   Data           4  mvars.o(.data)
    RCC_Clocks                               0x2000189c   Data          16  main.o(.bss)
    bmi160_data                              0x20001a3c   Data         320  pbdrctrlmgr.o(.bss)
    rawBmiBuff                               0x20001b7c   Data         176  pbdrctrlmgr.o(.bss)
    v_fifo_data_u8                           0x20001c2c   Data        1024  bmi160.o(.bss)
    mag_trim                                 0x2000202c   Data          16  bmi160.o(.bss)
    yas532_data                              0x2000203c   Data         112  bmi160.o(.bss)
    yas537_data                              0x200020ac   Data          64  bmi160.o(.bss)
    processed_data                           0x200020ec   Data          12  bmi160.o(.bss)
    fifo_xyz_data                            0x200020f8   Data          12  bmi160.o(.bss)
    fifo_vector_xyz                          0x20002104   Data          12  bmi160.o(.bss)
    s_bmi160                                 0x20002110   Data          20  bmi160_support.o(.bss)
    magxyz                                   0x20002124   Data          12  bmi160_support.o(.bss)
    __heap_base                              0x20003fb8   Data           0  startup_stm32f4xx.o(HEAP)
    __heap_limit                             0x20004fb8   Data           0  startup_stm32f4xx.o(HEAP)
    __initial_sp                             0x20005fb8   Data           0  startup_stm32f4xx.o(STACK)



==============================================================================

Memory Map of the image

  Image Entry point : 0x08000189

  Load Region LR_IROM1 (Base: 0x08000000, Size: 0x00026a24, Max: 0x00100000, ABSOLUTE, COMPRESSED[0x00026874])

    Execution Region ER_IROM1 (Base: 0x08000000, Size: 0x00026830, Max: 0x00100000, ABSOLUTE)

    Base Addr    Size         Type   Attr      Idx    E Section Name        Object

    0x08000000   0x00000188   Data   RO            3    RESET               startup_stm32f4xx.o
    0x08000188   0x00000000   Code   RO         1640  * .ARM.Collect$$$$00000000  mc_w.l(entry.o)
    0x08000188   0x00000004   Code   RO         2006    .ARM.Collect$$$$00000001  mc_w.l(entry2.o)
    0x0800018c   0x00000004   Code   RO         2009    .ARM.Collect$$$$00000004  mc_w.l(entry5.o)
    0x08000190   0x00000000   Code   RO         2011    .ARM.Collect$$$$00000008  mc_w.l(entry7b.o)
    0x08000190   0x00000000   Code   RO         2013    .ARM.Collect$$$$0000000A  mc_w.l(entry8b.o)
    0x08000190   0x00000008   Code   RO         2014    .ARM.Collect$$$$0000000B  mc_w.l(entry9a.o)
    0x08000198   0x00000000   Code   RO         2016    .ARM.Collect$$$$0000000D  mc_w.l(entry10a.o)
    0x08000198   0x00000000   Code   RO         2018    .ARM.Collect$$$$0000000F  mc_w.l(entry11a.o)
    0x08000198   0x00000004   Code   RO         2007    .ARM.Collect$$$$00002712  mc_w.l(entry2.o)
    0x0800019c   0x00000024   Code   RO            4    .text               startup_stm32f4xx.o
    0x080001c0   0x0000020c   Code   RO           12    .text               system_stm32f4xx.o
    0x080003cc   0x00000020   Code   RO          139    .text               stm32f4xx_it.o
    0x080003ec   0x000000e4   Code   RO          169    .text               misc.o
    0x080004d0   0x00000294   Code   RO          472    .text               stm32f4xx_gpio.o
    0x08000764   0x0000065c   Code   RO          572    .text               stm32f4xx_rcc.o
    0x08000dc0   0x0000047c   Code   RO          654    .text               stm32f4xx_spi.o
    0x0800123c   0x00000ca2   Code   RO          694    .text               stm32f4xx_tim.o
    0x08001ede   0x00000002   PAD
    0x08001ee0   0x00000454   Code   RO          714    .text               stm32f4xx_usart.o
    0x08002334   0x0000027c   Code   RO          754    .text               print.o
    0x080025b0   0x000002b8   Code   RO          782    .text               pb_gluelayer.o
    0x08002868   0x00000c8c   Code   RO          813    .text               pb_message.o
    0x080034f4   0x00002238   Code   RO          853    .text               ubx.o
    0x0800572c   0x0000021c   Code   RO          919    .text               main.o
    0x08005948   0x00000f78   Code   RO          952    .text               pbdrctrlmgr.o
    0x080068c0   0x0000bc64   Code   RO          981    .text               bmi160.o
    0x08012524   0x00000b08   Code   RO         1006    .text               bmi160_support.o
    0x0801302c   0x00000354   Code   RO         1038    .text               spi.o
    0x08013380   0x0000027c   Code   RO         1061    .text               timer.o
    0x080135fc   0x00000330   Code   RO         1084    .text               usart2.o
    0x0801392c   0x000002dc   Code   RO         1108    .text               usart3.o
    0x08013c08   0x00000dd8   Code   RO         1130    .text               lib.lib(pb_init.o)
    0x080149e0   0x00000198   Code   RO         1193    .text               lib.lib(pb_memory.o)
    0x08014b78   0x00000608   Code   RO         1208    .text               lib.lib(pb_if.o)
    0x08015180   0x00000660   Code   RO         1226    .text               lib.lib(pb_msl.o)
    0x080157e0   0x000010b4   Code   RO         1242    .text               lib.lib(pb_geoutil.o)
    0x08016894   0x00000600   Code   RO         1257    .text               lib.lib(pb_distance.o)
    0x08016e94   0x000014ca   Code   RO         1274    .text               lib.lib(pb_dr_inertial.o)
    0x0801835e   0x00000038   Code   RO         1293    .text               lib.lib(pb_mainctrl.o)
    0x08018396   0x00000002   PAD
    0x08018398   0x00000794   Code   RO         1317    .text               lib.lib(pb_snsrbuffer.o)
    0x08018b2c   0x00001c74   Code   RO         1331    .text               lib.lib(pb_mathutil.o)
    0x0801a7a0   0x0000179e   Code   RO         1346    .text               lib.lib(pb_post.o)
    0x0801bf3e   0x00000002   PAD
    0x0801bf40   0x000004c2   Code   RO         1361    .text               lib.lib(pb_context.o)
    0x0801c402   0x00000002   PAD
    0x0801c404   0x00001bfc   Code   RO         1373    .text               lib.lib(pb_dr_nav.o)
    0x0801e000   0x00000d50   Code   RO         1398    .text               lib.lib(pb_gnss.o)
    0x0801ed50   0x00000b7c   Code   RO         1410    .text               lib.lib(pb_innerutil.o)
    0x0801f8cc   0x00000194   Code   RO         1422    .text               lib.lib(pb_dr_coreutil.o)
    0x0801fa60   0x00000a4c   Code   RO         1434    .text               lib.lib(pb_dr_sf.o)
    0x080204ac   0x000007f4   Code   RO         1446    .text               lib.lib(pb_dr_b2sfilter.o)
    0x08020ca0   0x0000141a   Code   RO         1458    .text               lib.lib(pb_filterutil.o)
    0x080220ba   0x00000002   PAD
    0x080220bc   0x00000678   Code   RO         1470    .text               lib.lib(pb_dr_util.o)
    0x08022734   0x00000024   Code   RO         1643    .text               mc_w.l(memcpya.o)
    0x08022758   0x00000024   Code   RO         1645    .text               mc_w.l(memseta.o)
    0x0802277c   0x00000018   Code   RO         1647    .text               mc_w.l(strncpy.o)
    0x08022794   0x0000014e   Code   RO         1940    .text               mf_w.l(dadd.o)
    0x080228e2   0x000000e4   Code   RO         1942    .text               mf_w.l(dmul.o)
    0x080229c6   0x000000de   Code   RO         1944    .text               mf_w.l(ddiv.o)
    0x08022aa4   0x00000022   Code   RO         1948    .text               mf_w.l(dflti.o)
    0x08022ac6   0x0000001a   Code   RO         1950    .text               mf_w.l(dfltui.o)
    0x08022ae0   0x0000003e   Code   RO         1952    .text               mf_w.l(dfixi.o)
    0x08022b1e   0x00000032   Code   RO         1954    .text               mf_w.l(dfixui.o)
    0x08022b50   0x00000026   Code   RO         1956    .text               mf_w.l(f2d.o)
    0x08022b76   0x00000002   PAD
    0x08022b78   0x00000028   Code   RO         1958    .text               mf_w.l(cdcmple.o)
    0x08022ba0   0x00000028   Code   RO         1960    .text               mf_w.l(cdrcmple.o)
    0x08022bc8   0x00000038   Code   RO         1962    .text               mf_w.l(d2f.o)
    0x08022c00   0x0000002c   Code   RO         2023    .text               mc_w.l(uidiv.o)
    0x08022c2c   0x00000062   Code   RO         2025    .text               mc_w.l(uldiv.o)
    0x08022c8e   0x0000001e   Code   RO         2027    .text               mc_w.l(llshl.o)
    0x08022cac   0x00000020   Code   RO         2029    .text               mc_w.l(llushr.o)
    0x08022ccc   0x00000024   Code   RO         2031    .text               mc_w.l(llsshr.o)
    0x08022cf0   0x00000000   Code   RO         2042    .text               mc_w.l(iusefp.o)
    0x08022cf0   0x0000006c   Code   RO         2043    .text               mf_w.l(fepilogue.o)
    0x08022d5c   0x000000be   Code   RO         2045    .text               mf_w.l(depilogue.o)
    0x08022e1a   0x0000002e   Code   RO         2047    .text               mf_w.l(dscalb.o)
    0x08022e48   0x000000a2   Code   RO         2049    .text               mf_w.l(dsqrt.o)
    0x08022eea   0x00000080   Code   RO         2051    .text               mf_w.l(drem.o)
    0x08022f6a   0x00000030   Code   RO         2053    .text               mf_w.l(dfixul.o)
    0x08022f9a   0x00000002   PAD
    0x08022f9c   0x00000024   Code   RO         2055    .text               mc_w.l(init.o)
    0x08022fc0   0x0000005c   Code   RO         2067    .text               mc_w.l(__dczerorl2.o)
    0x0802301c   0x00000028   Code   RO         1885    i.__0snprintf       mc_w.l(printfa.o)
    0x08023044   0x00000028   Code   RO         1886    i.__0sprintf        mc_w.l(printfa.o)
    0x0802306c   0x00000030   Code   RO         1983    i.__ARM_fpclassify  m_wm.l(fpclassify.o)
    0x0802309c   0x00000026   Code   RO         1985    i.__ARM_fpclassifyf  m_wm.l(fpclassifyf.o)
    0x080230c2   0x00000002   PAD
    0x080230c4   0x00000124   Code   RO         1482    i.__hardfp_asinf    m_wm.l(asinf.o)
    0x080231e8   0x000002e8   Code   RO         1964    i.__hardfp_atan     m_wm.l(atan.o)
    0x080234d0   0x000001e0   Code   RO         1494    i.__hardfp_atan2    m_wm.l(atan2.o)
    0x080236b0   0x00000248   Code   RO         1506    i.__hardfp_atan2f   m_wm.l(atan2f.o)
    0x080238f8   0x00000164   Code   RO         1518    i.__hardfp_atanf    m_wm.l(atanf.o)
    0x08023a5c   0x00000004   PAD
    0x08023a60   0x000000d8   Code   RO         1530    i.__hardfp_cos      m_wm.l(cos.o)
    0x08023b38   0x0000015c   Code   RO         1542    i.__hardfp_cosf     m_wm.l(cosf.o)
    0x08023c94   0x00000014   Code   RO         1554    i.__hardfp_fabs     m_wm.l(fabs.o)
    0x08023ca8   0x00000070   Code   RO         1560    i.__hardfp_floorf   m_wm.l(floorf.o)
    0x08023d18   0x00000128   Code   RO         1566    i.__hardfp_fmod     m_wm.l(fmod.o)
    0x08023e40   0x00000c90   Code   RO         1578    i.__hardfp_pow      m_wm.l(pow.o)
    0x08024ad0   0x000000d8   Code   RO         1592    i.__hardfp_sin      m_wm.l(sin.o)
    0x08024ba8   0x00000178   Code   RO         1604    i.__hardfp_sinf     m_wm.l(sinf.o)
    0x08024d20   0x0000007a   Code   RO         1616    i.__hardfp_sqrt     m_wm.l(sqrt.o)
    0x08024d9a   0x0000003a   Code   RO         1628    i.__hardfp_sqrtf    m_wm.l(sqrtf.o)
    0x08024dd4   0x00000004   PAD
    0x08024dd8   0x00000458   Code   RO         1992    i.__ieee754_rem_pio2  m_wm.l(rred.o)
    0x08025230   0x00000170   Code   RO         1978    i.__kernel_cos      m_wm.l(cos_i.o)
    0x080253a0   0x000000f8   Code   RO         1989    i.__kernel_poly     m_wm.l(poly.o)
    0x08025498   0x00000130   Code   RO         2000    i.__kernel_sin      m_wm.l(sin_i.o)
    0x080255c8   0x00000020   Code   RO         1981    i.__mathlib_dbl_underflow  m_wm.l(dunder.o)
    0x080255e8   0x00000010   Code   RO         1987    i.__mathlib_flt_underflow  m_wm.l(funder.o)
    0x080255f8   0x00000140   Code   RO         1997    i.__mathlib_rredf2  m_wm.l(rredf.o)
    0x08025738   0x0000000e   Code   RO         2061    i.__scatterload_copy  mc_w.l(handlers.o)
    0x08025746   0x00000002   Code   RO         2062    i.__scatterload_null  mc_w.l(handlers.o)
    0x08025748   0x0000000e   Code   RO         2063    i.__scatterload_zeroinit  mc_w.l(handlers.o)
    0x08025756   0x00000002   PAD
    0x08025758   0x0000000c   Code   RO         2037    i.__set_errno       mc_w.l(errno.o)
    0x08025764   0x0000015c   Code   RO         1891    i._fp_digits        mc_w.l(printfa.o)
    0x080258c0   0x000006f0   Code   RO         1892    i._printf_core      mc_w.l(printfa.o)
    0x08025fb0   0x00000026   Code   RO         1893    i._printf_post_padding  mc_w.l(printfa.o)
    0x08025fd6   0x00000030   Code   RO         1894    i._printf_pre_padding  mc_w.l(printfa.o)
    0x08026006   0x00000016   Code   RO         1895    i._snputc           mc_w.l(printfa.o)
    0x0802601c   0x0000000a   Code   RO         1896    i._sputc            mc_w.l(printfa.o)
    0x08026026   0x00000010   Code   RO         1966    i.atan              m_wm.l(atan.o)
    0x08026036   0x00000020   Code   RO         1556    i.fabs              m_wm.l(fabs.o)
    0x08026056   0x00000002   PAD
    0x08026058   0x00000050   Code   RO         1912    i.free              mc_w.l(malloc.o)
    0x080260a8   0x0000006c   Code   RO         1913    i.malloc            mc_w.l(malloc.o)
    0x08026114   0x0000006e   Code   RO         1618    i.sqrt              m_wm.l(sqrt.o)
    0x08026182   0x0000003e   Code   RO         1630    i.sqrtf             m_wm.l(sqrtf.o)
    0x080261c0   0x0000001a   Data   RO          784    .constdata          pb_gluelayer.o
    0x080261da   0x00000002   PAD
    0x080261dc   0x000000fc   Data   RO          814    .constdata          pb_message.o
    0x080262d8   0x0000002a   Data   RO          983    .constdata          bmi160.o
    0x08026302   0x00000266   Data   RO         1227    .constdata          lib.lib(pb_msl.o)
    0x08026568   0x0000001a   Data   RO         1243    .constdata          lib.lib(pb_geoutil.o)
    0x08026582   0x00000006   PAD
    0x08026588   0x00000088   Data   RO         1581    .constdata          m_wm.l(pow.o)
    0x08026610   0x00000098   Data   RO         1967    .constdata          m_wm.l(atan.o)
    0x080266a8   0x00000030   Data   RO         1979    .constdata          m_wm.l(cos_i.o)
    0x080266d8   0x00000008   Data   RO         1991    .constdata          m_wm.l(qnan.o)
    0x080266e0   0x000000c8   Data   RO         1994    .constdata          m_wm.l(rred.o)
    0x080267a8   0x00000020   Data   RO         1998    .constdata          m_wm.l(rredf.o)
    0x080267c8   0x00000028   Data   RO         2001    .constdata          m_wm.l(sin_i.o)
    0x080267f0   0x0000001f   Data   RO          856    .conststring        ubx.o
    0x0802680f   0x00000001   PAD
    0x08026810   0x00000020   Data   RO         2059    Region$$Table       anon$$obj.o


    Execution Region RW_IRAM1 (Base: 0x20000000, Size: 0x00005fb8, Max: 0x00020000, ABSOLUTE, COMPRESSED[0x00000044])

    Base Addr    Size         Type   Attr      Idx    E Section Name        Object

    0x20000000   0x00000014   Data   RW           13    .data               system_stm32f4xx.o
    0x20000014   0x00000010   Data   RW          573    .data               stm32f4xx_rcc.o
    0x20000024   0x0000004e   Data   RW          857    .data               ubx.o
    0x20000072   0x00000002   PAD
    0x20000074   0x00000038   Data   RW          923    .data               main.o
    0x200000ac   0x00000073   Data   RW          956    .data               pbdrctrlmgr.o
    0x2000011f   0x00000001   PAD
    0x20000120   0x00000014   Data   RW          984    .data               bmi160.o
    0x20000134   0x0000003e   Data   RW         1010    .data               bmi160_support.o
    0x20000172   0x00000002   PAD
    0x20000174   0x00000030   Data   RW         1040    .data               spi.o
    0x200001a4   0x00000002   Data   RW         1062    .data               timer.o
    0x200001a6   0x00000002   PAD
    0x200001a8   0x0000001c   Data   RW         1086    .data               usart2.o
    0x200001c4   0x00000004   Data   RW         1110    .data               usart3.o
    0x200001c8   0x00000008   Data   RW         1195    .data               lib.lib(pb_memory.o)
    0x200001d0   0x00000018   Data   RW         1228    .data               lib.lib(pb_msl.o)
    0x200001e8   0x00000004   Data   RW         2033    .data               mc_w.l(mvars.o)
    0x200001ec   0x00000004   Data   RW         2034    .data               mc_w.l(mvars.o)
    0x200001f0   0x00000004   Data   RW         2038    .data               mc_w.l(errno.o)
    0x200001f4   0x00000004   PAD
    0x200001f8   0x000009d4   Zero   RW          783    .bss                pb_gluelayer.o
    0x20000bcc   0x00000cd0   Zero   RW          854    .bss                ubx.o
    0x2000189c   0x00000010   Zero   RW          920    .bss                main.o
    0x200018ac   0x00000380   Zero   RW          953    .bss                pbdrctrlmgr.o
    0x20001c2c   0x000004e4   Zero   RW          982    .bss                bmi160.o
    0x20002110   0x00000020   Zero   RW         1007    .bss                bmi160_support.o
    0x20002130   0x000004e8   Zero   RW         1085    .bss                usart2.o
    0x20002618   0x00000200   Zero   RW         1109    .bss                usart3.o
    0x20002818   0x0000138c   Zero   RW         1194    .bss                lib.lib(pb_memory.o)
    0x20003ba4   0x000000d0   Zero   RW         1209    .bss                lib.lib(pb_if.o)
    0x20003c74   0x00000004   PAD
    0x20003c78   0x00000108   Zero   RW         1258    .bss                lib.lib(pb_distance.o)
    0x20003d80   0x00000234   Zero   RW         1318    .bss                lib.lib(pb_snsrbuffer.o)
    0x20003fb4   0x00000004   PAD
    0x20003fb8   0x00001000   Zero   RW            2    HEAP                startup_stm32f4xx.o
    0x20004fb8   0x00001000   Zero   RW            1    STACK               startup_stm32f4xx.o


==============================================================================

Image component sizes


      Code (inc. data)   RO Data    RW Data    ZI Data      Debug   Object Name

     48228        574         42         20       1252     142774   bmi160.o
      2824         80          0         62         32       6948   bmi160_support.o
       540         30          0         56         16      28886   main.o
       228         22          0          0          0       1833   misc.o
       696         56         26          0       2516       8203   pb_gluelayer.o
      3212        392        252          0          0       5705   pb_message.o
      3960        484          0        115        896       7165   pbdrctrlmgr.o
       636         24          0          0          0       2593   print.o
       852         12          0         48          0       3244   spi.o
        36          8        392          0       8192        808   startup_stm32f4xx.o
       660         44          0          0          0       4109   stm32f4xx_gpio.o
        32          0          0          0          0       1354   stm32f4xx_it.o
      1628         52          0         16          0      12892   stm32f4xx_rcc.o
      1148         36          0          0          0       6857   stm32f4xx_spi.o
      3234         60          0          0          0      22312   stm32f4xx_tim.o
      1108         34          0          0          0       7808   stm32f4xx_usart.o
       524         44          0         20          0     291171   system_stm32f4xx.o
       636         20          0          2          0       2941   timer.o
      8760       1588         31         78       3280     106498   ubx.o
       816         46          0         28       1256       4304   usart2.o
       732         28          0          4        512       4318   usart3.o

    ----------------------------------------------------------------------
     80492       3634        778        456      17952     672723   Object Totals
         0          0         32          0          0          0   (incl. Generated)
         2          0          3          7          0          0   (incl. Padding)

    ----------------------------------------------------------------------

      Code (inc. data)   RO Data    RW Data    ZI Data      Debug   Library Member Name

      1218         28          0          0          0       2073   pb_context.o
      1536         36          0          0        264       1694   pb_distance.o
      2036         36          0          0          0       3047   pb_dr_b2sfilter.o
       404         20          0          0          0       1023   pb_dr_coreutil.o
      5322        138          0          0          0       8933   pb_dr_inertial.o
      7164         94          0          0          0       9845   pb_dr_nav.o
      2636        120          0          0          0       3507   pb_dr_sf.o
      1656         78          0          0          0       3212   pb_dr_util.o
      5146         66          0          0          0       6367   pb_filterutil.o
      4276        210         26          0          0       8590   pb_geoutil.o
      3408        106          0          0          0       2936   pb_gnss.o
      1544         76          0          0        208       3618   pb_if.o
      3544        128          0          0          0      24860   pb_init.o
      2940         96          0          0          0       3698   pb_innerutil.o
        56          0          0          0          0       1125   pb_mainctrl.o
      7284         90          0          0          0      16320   pb_mathutil.o
       408        112          0          8       5004       5496   pb_memory.o
      1632        126        614         24          0       3389   pb_msl.o
      6046        118          0          0          0       4600   pb_post.o
      1940         38          0          0        564       2179   pb_snsrbuffer.o
       292         42          0          0          0        180   asinf.o
       760        108        152          0          0        344   atan.o
       480         64          0          0          0        156   atan2.o
       584         98          0          0          0        176   atan2f.o
       356         66          0          0          0        164   atanf.o
       216         16          0          0          0        152   cos.o
       368         46         48          0          0        200   cos_i.o
       348         66          0          0          0        124   cosf.o
        32          8          0          0          0        124   dunder.o
        52          0          0          0          0        248   fabs.o
       112         14          0          0          0        116   floorf.o
       296         16          0          0          0        152   fmod.o
        48          0          0          0          0        124   fpclassify.o
        38          0          0          0          0        116   fpclassifyf.o
        16          6          0          0          0        116   funder.o
       248          0          0          0          0        152   poly.o
      3216        310        136          0          0        216   pow.o
         0          0          8          0          0          0   qnan.o
      1112        140        200          0          0        188   rred.o
       320         24         32          0          0        160   rredf.o
       216         16          0          0          0        152   sin.o
       304         24         40          0          0        208   sin_i.o
       376         62          0          0          0        156   sinf.o
       232          0          0          0          0        296   sqrt.o
       120          0          0          0          0        272   sqrtf.o
        92          0          0          0          0          0   __dczerorl2.o
         0          0          0          0          0          0   entry.o
         0          0          0          0          0          0   entry10a.o
         0          0          0          0          0          0   entry11a.o
         8          4          0          0          0          0   entry2.o
         4          0          0          0          0          0   entry5.o
         0          0          0          0          0          0   entry7b.o
         0          0          0          0          0          0   entry8b.o
         8          4          0          0          0          0   entry9a.o
        12          6          0          4          0         68   errno.o
        30          0          0          0          0          0   handlers.o
        36          8          0          0          0         68   init.o
         0          0          0          0          0          0   iusefp.o
        30          0          0          0          0         68   llshl.o
        36          0          0          0          0         68   llsshr.o
        32          0          0          0          0         68   llushr.o
       188         20          0          0          0        160   malloc.o
        36          0          0          0          0         68   memcpya.o
        36          0          0          0          0        108   memseta.o
         0          0          0          8          0          0   mvars.o
      2322         90          0          0          0        664   printfa.o
        24          0          0          0          0         76   strncpy.o
        44          0          0          0          0         80   uidiv.o
        98          0          0          0          0         92   uldiv.o
        40          2          0          0          0         68   cdcmple.o
        40          2          0          0          0         68   cdrcmple.o
        56          0          0          0          0         88   d2f.o
       334          0          0          0          0        148   dadd.o
       222          0          0          0          0        100   ddiv.o
       190          0          0          0          0        176   depilogue.o
        62          0          0          0          0         80   dfixi.o
        50          0          0          0          0         76   dfixui.o
        48          0          0          0          0         68   dfixul.o
        34          0          0          0          0         76   dflti.o
        26          0          0          0          0         76   dfltui.o
       228          0          0          0          0         96   dmul.o
       128          0          0          0          0         96   drem.o
        46          0          0          0          0         80   dscalb.o
       162          0          0          0          0        100   dsqrt.o
        38          0          0          0          0         68   f2d.o
       108          0          0          0          0        168   fepilogue.o

    ----------------------------------------------------------------------
     75212       2982       1262         44       6052     124024   Library Totals
        26          4          6          0         12          0   (incl. Padding)

    ----------------------------------------------------------------------

      Code (inc. data)   RO Data    RW Data    ZI Data      Debug   Library Name

     60196       1716        640         32       6040     116512   lib.lib
     10142       1126        616          0          0       4292   m_wm.l
      3036        132          0         12          0       1588   mc_w.l
      1812          4          0          0          0       1632   mf_w.l

    ----------------------------------------------------------------------
     75212       2982       1262         44       6052     124024   Library Totals

    ----------------------------------------------------------------------

==============================================================================


      Code (inc. data)   RO Data    RW Data    ZI Data      Debug   

    155704       6616       2040        500      24004     784179   Grand Totals
    155704       6616       2040         68      24004     784179   ELF Image Totals (compressed)
    155704       6616       2040         68          0          0   ROM Totals

==============================================================================

    Total RO  Size (Code + RO Data)               157744 ( 154.05kB)
    Total RW  Size (RW Data + ZI Data)             24504 (  23.93kB)
    Total ROM Size (Code + RO Data + RW Data)     157812 ( 154.11kB)

==============================================================================

